[    0.000000] Initializing cgroup subsys cpuset
[    0.000000] Initializing cgroup subsys cpu
[    0.000000] Initializing cgroup subsys cpuacct
[    0.000000] Linux version 4.4.0-210-generic (buildd@lgw01-amd64-009) (gcc version 5.4.0 20160609 (Ubuntu 5.4.0-6ubuntu1~16.04.12) ) #242-Ubuntu SMP Fri Apr 16 09:57:56 UTC 2021 (Ubuntu 4.4.0-210.242-generic 4.4.262)
[    0.000000] Command line: BOOT_IMAGE=/boot/vmlinuz-4.4.0-210-generic root=LABEL=cloudimg-rootfs ro console=tty1 console=ttyS0
[    0.000000] KERNEL supported cpus:
[    0.000000]   Intel GenuineIntel
[    0.000000]   AMD AuthenticAMD
[    0.000000]   Centaur CentaurHauls
[    0.000000] [Firmware Bug]: TSC doesn't count with P0 frequency!
[    0.000000] x86/fpu: Legacy x87 FPU detected.
[    0.000000] e820: BIOS-provided physical RAM map:
[    0.000000] BIOS-e820: [mem 0x0000000000000000-0x000000000009fbff] usable
[    0.000000] BIOS-e820: [mem 0x000000000009fc00-0x000000000009ffff] reserved
[    0.000000] BIOS-e820: [mem 0x00000000000f0000-0x00000000000fffff] reserved
[    0.000000] BIOS-e820: [mem 0x0000000000100000-0x000000003ffeffff] usable
[    0.000000] BIOS-e820: [mem 0x000000003fff0000-0x000000003fffffff] ACPI data
[    0.000000] BIOS-e820: [mem 0x00000000fec00000-0x00000000fec00fff] reserved
[    0.000000] BIOS-e820: [mem 0x00000000fee00000-0x00000000fee00fff] reserved
[    0.000000] BIOS-e820: [mem 0x00000000fffc0000-0x00000000ffffffff] reserved
[    0.000000] NX (Execute Disable) protection: active
[    0.000000] SMBIOS 2.5 present.
[    0.000000] Hypervisor detected: KVM
[    0.000000] Kernel/User page tables isolation: disabled
[    0.000000] e820: last_pfn = 0x3fff0 max_arch_pfn = 0x400000000
[    0.000000] MTRR: Disabled
[    0.000000] x86/PAT: MTRRs disabled, skipping PAT initialization too.
[    0.000000] CPU MTRRs all blank - virtualized system.
[    0.000000] x86/PAT: Configuration [0-7]: WB  WT  UC- UC  WB  WT  UC- UC  
[    0.000000] found SMP MP-table at [mem 0x0009fff0-0x0009ffff] mapped at [ffff88000009fff0]
[    0.000000] Scanning 1 areas for low memory corruption
[    0.000000] RAMDISK: [mem 0x362dc000-0x37165fff]
[    0.000000] ACPI: Early table checksum verification disabled
[    0.000000] ACPI: RSDP 0x00000000000E0000 000024 (v02 VBOX  )
[    0.000000] ACPI: XSDT 0x000000003FFF0030 00003C (v01 VBOX   VBOXXSDT 00000001 ASL  00000061)
[    0.000000] ACPI: FACP 0x000000003FFF00F0 0000F4 (v04 VBOX   VBOXFACP 00000001 ASL  00000061)
[    0.000000] ACPI: DSDT 0x000000003FFF0610 002353 (v02 VBOX   VBOXBIOS 00000002 INTL 20100528)
[    0.000000] ACPI: FACS 0x000000003FFF0200 000040
[    0.000000] ACPI: FACS 0x000000003FFF0200 000040
[    0.000000] ACPI: APIC 0x000000003FFF0240 00005C (v02 VBOX   VBOXAPIC 00000001 ASL  00000061)
[    0.000000] ACPI: SSDT 0x000000003FFF02A0 00036C (v01 VBOX   VBOXCPUT 00000002 INTL 20100528)
[    0.000000] No NUMA configuration found
[    0.000000] Faking a node at [mem 0x0000000000000000-0x000000003ffeffff]
[    0.000000] NODE_DATA(0) allocated [mem 0x3ffeb000-0x3ffeffff]
[    0.000000] kvm-clock: Using msrs 4b564d01 and 4b564d00
[    0.000000] kvm-clock: cpu 0, msr 0:3ffe3001, primary cpu clock
[    0.000000] kvm-clock: using sched offset of 3572760287 cycles
[    0.000000] clocksource: kvm-clock: mask: 0xffffffffffffffff max_cycles: 0x1cd42e4dffb, max_idle_ns: 881590591483 ns
[    0.000000] Zone ranges:
[    0.000000]   DMA      [mem 0x0000000000001000-0x0000000000ffffff]
[    0.000000]   DMA32    [mem 0x0000000001000000-0x000000003ffeffff]
[    0.000000]   Normal   empty
[    0.000000]   Device   empty
[    0.000000] Movable zone start for each node
[    0.000000] Early memory node ranges
[    0.000000]   node   0: [mem 0x0000000000001000-0x000000000009efff]
[    0.000000]   node   0: [mem 0x0000000000100000-0x000000003ffeffff]
[    0.000000] Initmem setup node 0 [mem 0x0000000000001000-0x000000003ffeffff]
[    0.000000] ACPI: PM-Timer IO Port: 0x4008
[    0.000000] IOAPIC[0]: apic_id 2, version 32, address 0xfec00000, GSI 0-23
[    0.000000] ACPI: INT_SRC_OVR (bus 0 bus_irq 0 global_irq 2 dfl dfl)
[    0.000000] ACPI: INT_SRC_OVR (bus 0 bus_irq 9 global_irq 9 low level)
[    0.000000] Using ACPI (MADT) for SMP configuration information
[    0.000000] smpboot: Allowing 2 CPUs, 0 hotplug CPUs
[    0.000000] PM: Registered nosave memory: [mem 0x00000000-0x00000fff]
[    0.000000] PM: Registered nosave memory: [mem 0x0009f000-0x0009ffff]
[    0.000000] PM: Registered nosave memory: [mem 0x000a0000-0x000effff]
[    0.000000] PM: Registered nosave memory: [mem 0x000f0000-0x000fffff]
[    0.000000] e820: [mem 0x40000000-0xfebfffff] available for PCI devices
[    0.000000] Booting paravirtualized kernel on KVM
[    0.000000] clocksource: refined-jiffies: mask: 0xffffffff max_cycles: 0xffffffff, max_idle_ns: 7645519600211568 ns
[    0.000000] setup_percpu: NR_CPUS:512 nr_cpumask_bits:512 nr_cpu_ids:2 nr_node_ids:1
[    0.000000] PERCPU: Embedded 33 pages/cpu @ffff88003fc00000 s95192 r8192 d31784 u1048576
[    0.000000] Built 1 zonelists in Node order, mobility grouping on.  Total pages: 257912
[    0.000000] Policy zone: DMA32
[    0.000000] Kernel command line: BOOT_IMAGE=/boot/vmlinuz-4.4.0-210-generic root=LABEL=cloudimg-rootfs ro console=tty1 console=ttyS0
[    0.000000] PID hash table entries: 4096 (order: 3, 32768 bytes)
[    0.000000] Memory: 997792K/1048120K available (8644K kernel code, 1332K rwdata, 4044K rodata, 1492K init, 1164K bss, 50328K reserved, 0K cma-reserved)
[    0.000000] SLUB: HWalign=64, Order=0-3, MinObjects=0, CPUs=2, Nodes=1
[    0.000000] Hierarchical RCU implementation.
[    0.000000] 	Build-time adjustment of leaf fanout to 64.
[    0.000000] 	RCU restricting CPUs from NR_CPUS=512 to nr_cpu_ids=2.
[    0.000000] RCU: Adjusting geometry for rcu_fanout_leaf=64, nr_cpu_ids=2
[    0.000000] NR_IRQS:33024 nr_irqs:440 16
[    0.000000] Console: colour VGA+ 80x25
[    0.000000] console [tty1] enabled
[    0.000000] console [ttyS0] enabled
[    0.000000] tsc: Detected 1996.264 MHz processor
[    0.558892] Calibrating delay loop (skipped) preset value.. 3992.52 BogoMIPS (lpj=7985056)
[    0.566851] pid_max: default: 32768 minimum: 301
[    0.571204] ACPI: Core revision 20150930
[    0.575972] ACPI: 2 ACPI AML tables successfully acquired and loaded
[    0.582414] Security Framework initialized
[    0.586076] Yama: becoming mindful.
[    0.589560] AppArmor: AppArmor initialized
[    0.593464] Dentry cache hash table entries: 131072 (order: 8, 1048576 bytes)
[    0.604992] Inode-cache hash table entries: 65536 (order: 7, 524288 bytes)
[    0.615239] Mount-cache hash table entries: 2048 (order: 2, 16384 bytes)
[    0.623567] Mountpoint-cache hash table entries: 2048 (order: 2, 16384 bytes)
[    0.632616] Initializing cgroup subsys io
[    0.636894] Initializing cgroup subsys memory
[    0.642467] Initializing cgroup subsys devices
[    0.648589] Initializing cgroup subsys freezer
[    0.654553] Initializing cgroup subsys net_cls
[    0.659338] Initializing cgroup subsys perf_event
[    0.663796] Initializing cgroup subsys net_prio
[    0.669406] Initializing cgroup subsys hugetlb
[    0.674623] Initializing cgroup subsys pids
[    0.687942] mce: CPU supports 0 MCE banks
[    0.693132] Last level iTLB entries: 4KB 1024, 2MB 1024, 4MB 512
[    0.699361] Last level dTLB entries: 4KB 2048, 2MB 2048, 4MB 1024, 1GB 0
[    0.706832] Spectre V1 : Mitigation: usercopy/swapgs barriers and __user pointer sanitization
[    0.717490] Spectre V2 : Spectre mitigation: LFENCE not serializing, switching to generic retpoline
[    0.727605] Spectre V2 : Mitigation: Full generic retpoline
[    0.733979] Spectre V2 : Spectre v2 / SpectreRSB mitigation: Filling RSB on context switch
[    0.794059] Freeing SMP alternatives memory: 36K
[    0.923330] ftrace: allocating 32380 entries in 127 pages
[    1.751409] smpboot: APIC(0) Converting physical 0 to logical package 0
[    1.762288] smpboot: Max logical packages: 1
[    1.780720] ..TIMER: vector=0x30 apic1=0 pin1=2 apic2=-1 pin2=-1
[    1.895886] smpboot: CPU0: AMD Ryzen 7 4700U with Radeon Graphics (family: 0x17, model: 0x60, stepping: 0x1)
[    1.910569] Performance Events: Broken PMU hardware detected, using software events only.
[    1.918306] Failed to access perfctr msr (MSR c0010007 is 0)
[    2.045532] KVM setup paravirtual spinlock
[    2.052242] x86: Booting SMP configuration:
[    2.056550] .... node  #0, CPUs:      #1
[    2.062034] kvm-clock: cpu 1, msr 0:3ffe3041, secondary cpu clock
[    2.075411] mce: CPU supports 0 MCE banks
[    2.080073] TSC synchronization [CPU#0 -> CPU#1]:
[    2.084404] Measured 60428 cycles TSC warp between CPUs, turning off TSC clock.
[    2.090939] tsc: Marking TSC unstable due to check_tsc_sync_source failed
[    0.628720] x86: Booted up 1 node, 2 CPUs
[    0.632005] smpboot: Total of 2 processors activated (7985.05 BogoMIPS)
[    0.644233] devtmpfs: initialized
[    0.649667] evm: security.selinux
[    0.652004] evm: security.SMACK64
[    0.656003] evm: security.SMACK64EXEC
[    0.660003] evm: security.SMACK64TRANSMUTE
[    0.664002] evm: security.SMACK64MMAP
[    0.668003] evm: security.ima
[    0.672002] evm: security.capability
[    0.676537] clocksource: jiffies: mask: 0xffffffff max_cycles: 0xffffffff, max_idle_ns: 7645041785100000 ns
[    0.680173] futex hash table entries: 512 (order: 3, 32768 bytes)
[    0.688510] pinctrl core: initialized pinctrl subsystem
[    0.692370] RTC time: 16:58:33, date: 04/04/24
[    0.700731] NET: Registered protocol family 16
[    0.716018] cpuidle: using governor ladder
[    0.736019] cpuidle: using governor menu
[    0.740111] PCCT header not found.
[    0.750194] ACPI: bus type PCI registered
[    0.752005] acpiphp: ACPI Hot Plug PCI Controller Driver version: 0.5
[    0.756527] PCI: Using configuration type 1 for base access
[    0.760002] PCI: Using configuration type 1 for extended access
[    0.780707] ACPI: Added _OSI(Module Device)
[    0.784006] ACPI: Added _OSI(Processor Device)
[    0.788003] ACPI: Added _OSI(3.0 _SCP Extensions)
[    0.792002] ACPI: Added _OSI(Processor Aggregator Device)
[    0.797034] ACPI: Executed 1 blocks of module-level executable AML code
[    0.808152] ACPI: Interpreter enabled
[    0.812010] ACPI: (supports S0 S5)
[    0.815107] ACPI: Using IOAPIC for interrupt routing
[    0.816332] PCI: Using host bridge windows from ACPI; if necessary, use "pci=nocrs" and report a bug
[    0.829375] ACPI: PCI Root Bridge [PCI0] (domain 0000 [bus 00-ff])
[    0.832009] acpi PNP0A03:00: _OSC: OS supports [ExtendedConfig ASPM ClockPM Segments MSI]
[    0.840612] acpi PNP0A03:00: _OSC: platform does not support [PCIeCapability]
[    0.848543] acpi PNP0A03:00: _OSC: not requesting control; platform does not support [PCIeCapability]
[    0.852005] acpi PNP0A03:00: _OSC: OS requested [PCIeHotplug PME AER PCIeCapability]
[    0.856004] acpi PNP0A03:00: _OSC: platform willing to grant [PCIeHotplug PME AER]
[    0.860008] acpi PNP0A03:00: _OSC failed (AE_SUPPORT); disabling ASPM
[    0.864729] PCI host bridge to bus 0000:00
[    0.868004] pci_bus 0000:00: root bus resource [io  0x0000-0x0cf7 window]
[    0.872004] pci_bus 0000:00: root bus resource [io  0x0d00-0xffff window]
[    0.876004] pci_bus 0000:00: root bus resource [mem 0x000a0000-0x000bffff window]
[    0.880005] pci_bus 0000:00: root bus resource [mem 0x40000000-0xfdffffff window]
[    0.884006] pci_bus 0000:00: root bus resource [bus 00-ff]
[    0.896407] pci 0000:00:01.1: legacy IDE quirk: reg 0x10: [io  0x01f0-0x01f7]
[    0.900004] pci 0000:00:01.1: legacy IDE quirk: reg 0x14: [io  0x03f6]
[    0.904007] pci 0000:00:01.1: legacy IDE quirk: reg 0x18: [io  0x0170-0x0177]
[    0.908005] pci 0000:00:01.1: legacy IDE quirk: reg 0x1c: [io  0x0376]
[    0.932078] pci 0000:00:07.0: quirk: [io  0x4000-0x403f] claimed by PIIX4 ACPI
[    0.936040] pci 0000:00:07.0: quirk: [io  0x4100-0x410f] claimed by PIIX4 SMB
[    0.952942] ACPI: PCI Interrupt Link [LNKA] (IRQs 5 9 10 *11)
[    0.961354] ACPI: PCI Interrupt Link [LNKB] (IRQs 5 9 *10 11)
[    0.969115] ACPI: PCI Interrupt Link [LNKC] (IRQs 5 *9 10 11)
[    0.977540] ACPI: PCI Interrupt Link [LNKD] (IRQs 5 9 10 *11)
[    0.986055] ACPI: Enabled 2 GPEs in block 00 to 07
[    0.988236] vgaarb: setting as boot device: PCI:0000:00:02.0
[    0.992000] vgaarb: device added: PCI:0000:00:02.0,decodes=io+mem,owns=io+mem,locks=none
[    0.992007] vgaarb: loaded
[    0.996005] vgaarb: bridge control possible 0000:00:02.0
[    1.000420] SCSI subsystem initialized
[    1.008289] ACPI: bus type USB registered
[    1.012051] usbcore: registered new interface driver usbfs
[    1.016035] usbcore: registered new interface driver hub
[    1.020011] usbcore: registered new device driver usb
[    1.024616] PCI: Using ACPI for IRQ routing
[    1.029098] NetLabel: Initializing
[    1.032006] NetLabel:  domain hash size = 128
[    1.036002] NetLabel:  protocols = UNLABELED CIPSOv4
[    1.040013] NetLabel:  unlabeled traffic allowed by default
[    1.044138] amd_nb: Cannot enumerate AMD northbridges
[    1.048419] clocksource: Switched to clocksource kvm-clock
[    1.079438] AppArmor: AppArmor Filesystem Enabled
[    1.079438] pnp: PnP ACPI init
[    1.079438] pnp: PnP ACPI: found 3 devices
[    1.141678] clocksource: acpi_pm: mask: 0xffffff max_cycles: 0xffffff, max_idle_ns: 2085701024 ns
[    1.144697] NET: Registered protocol family 2
[    1.155381] TCP established hash table entries: 8192 (order: 4, 65536 bytes)
[    1.161977] TCP bind hash table entries: 8192 (order: 5, 131072 bytes)
[    1.165645] TCP: Hash tables configured (established 8192 bind 8192)
[    1.165645] UDP hash table entries: 512 (order: 2, 16384 bytes)
[    1.165645] UDP-Lite hash table entries: 512 (order: 2, 16384 bytes)
[    1.165645] NET: Registered protocol family 1
[    1.165645] pci 0000:00:00.0: Limiting direct PCI/PCI transfers
[    1.165645] pci 0000:00:01.0: Activating ISA DMA hang workarounds
[    1.165645] Unpacking initramfs...
[    1.165645] Freeing initrd memory: 14888K
[    1.165645] clocksource: tsc: mask: 0xffffffffffffffff max_cycles: 0x398cca26ca1, max_idle_ns: 881590803497 ns
[    1.165645] platform rtc_cmos: registered platform RTC device (no PNP device found)
[    1.165645] Scanning for low memory corruption every 60 seconds
[    1.585656] audit: initializing netlink subsys (disabled)
[    1.593947] audit: type=2000 audit(1712249918.717:1): initialized
[    1.602860] Initialise system trusted keyring
[    1.614713] HugeTLB registered 2 MB page size, pre-allocated 0 pages
[    1.623588] zbud: loaded
[    1.628592] VFS: Disk quotas dquot_6.6.0
[    1.633075] VFS: Dquot-cache hash table entries: 512 (order 0, 4096 bytes)
[    1.640482] squashfs: version 4.0 (2009/01/31) Phillip Lougher
[    1.648611] fuse init (API version 7.23)
[    1.653727] Key type big_key registered
[    1.657527] Allocating IMA MOK and blacklist keyrings.
[    1.676518] Key type asymmetric registered
[    1.680781] Asymmetric key parser 'x509' registered
[    1.685409] Block layer SCSI generic (bsg) driver version 0.4 loaded (major 249)
[    1.692736] io scheduler noop registered
[    1.698326] io scheduler deadline registered (default)
[    1.703131] io scheduler cfq registered
[    1.708246] pci_hotplug: PCI Hot Plug PCI Core version: 0.5
[    1.713607] pciehp: PCI Express Hot Plug Controller Driver version: 0.4
[    1.719771] ACPI: AC Adapter [AC] (on-line)
[    1.724324] input: Power Button as /devices/LNXSYSTM:00/LNXPWRBN:00/input/input0
[    1.731403] ACPI: Power Button [PWRF]
[    1.735136] input: Sleep Button as /devices/LNXSYSTM:00/LNXSLPBN:00/input/input1
[    1.742975] ACPI: Sleep Button [SLPF]
[    1.747477] GHES: HEST is not enabled!
[    1.748967] ACPI: Battery Slot [BAT0] (battery present)
[    1.756344] Serial: 8250/16550 driver, 32 ports, IRQ sharing enabled
[    1.788373] 00:02: ttyS0 at I/O 0x3f8 (irq = 4, base_baud = 115200) is a 16550A
[    1.813244] Linux agpgart interface v0.103
[    1.833401] loop: module loaded
[    1.839913] scsi host0: ata_piix
[    1.846367] scsi host1: ata_piix
[    1.850053] ata1: PATA max UDMA/33 cmd 0x1f0 ctl 0x3f6 bmdma 0xd000 irq 14
[    1.856172] ata2: PATA max UDMA/33 cmd 0x170 ctl 0x376 bmdma 0xd008 irq 15
[    1.862851] libphy: Fixed MDIO Bus: probed
[    1.867841] tun: Universal TUN/TAP device driver, 1.6
[    1.873896] tun: (C) 1999-2004 Max Krasnyansky <maxk@qualcomm.com>
[    1.881324] PPP generic driver version 2.4.2
[    1.886706] ehci_hcd: USB 2.0 'Enhanced' Host Controller (EHCI) Driver
[    1.893270] ehci-pci: EHCI PCI platform driver
[    1.897762] ehci-platform: EHCI generic platform driver
[    1.903244] ohci_hcd: USB 1.1 'Open' Host Controller (OHCI) Driver
[    1.909199] ohci-pci: OHCI PCI platform driver
[    1.913729] ohci-platform: OHCI generic platform driver
[    1.919033] uhci_hcd: USB Universal Host Controller Interface driver
[    1.925465] i8042: PNP: PS/2 Controller [PNP0303:PS2K,PNP0f03:PS2M] at 0x60,0x64 irq 1,12
[    1.937974] serio: i8042 KBD port at 0x60,0x64 irq 1
[    1.943012] serio: i8042 AUX port at 0x60,0x64 irq 12
[    1.949317] mousedev: PS/2 mouse device common for all mice
[    1.957732] rtc_cmos rtc_cmos: rtc core: registered rtc_cmos as rtc0
[    1.964824] rtc_cmos rtc_cmos: alarms up to one day, 114 bytes nvram
[    1.970919] i2c /dev entries driver
[    1.976587] device-mapper: uevent: version 1.0.3
[    1.982555] device-mapper: ioctl: 4.34.0-ioctl (2015-10-28) initialised: dm-devel@redhat.com
[    1.982789] input: AT Translated Set 2 keyboard as /devices/platform/i8042/serio0/input/input2
[    2.001213] ledtrig-cpu: registered to indicate activity on CPUs
[    2.010748] NET: Registered protocol family 10
[    2.016313] NET: Registered protocol family 17
[    2.020738] Key type dns_resolver registered
[    2.025800] registered taskstats version 1
[    2.030101] Loading compiled-in X.509 certificates
[    2.035301] Loaded X.509 cert 'Build time autogenerated kernel key: cf00e047681d67edb2720680708b7d9498083038'
[    2.045530] zswap: loaded using pool lzo/zbud
[    2.080704] Key type trusted registered
[    2.095714] Key type encrypted registered
[    2.100293] AppArmor: AppArmor sha1 policy hashing enabled
[    2.106183] ima: No TPM chip found, activating TPM-bypass!
[    2.112282] ima: Allocated hash algorithm: sha1
[    2.117690] evm: HMAC attrs: 0x1
[    2.123346]   Magic number: 4:427:994
[    2.128227] rtc_cmos rtc_cmos: setting system clock to 2024-04-04 16:58:35 UTC (1712249915)
[    2.137403] BIOS EDD facility v0.16 2004-Jun-25, 0 devices found
[    2.143103] EDD information not available.
[    2.150583] Freeing unused kernel memory: 1492K
[    2.164380] Write protecting the kernel read-only data: 14336k
[    2.172425] Freeing unused kernel memory: 1584K
[    2.177840] Freeing unused kernel memory: 52K
Loading, please wait...
starting version 229
[    2.214768] random: systemd-udevd: uninitialized urandom read (16 bytes read, 9 bits of entropy available)
[    2.215699] random: udevadm: uninitialized urandom read (16 bytes read, 9 bits of entropy available)
[    2.215725] random: udevadm: uninitialized urandom read (16 bytes read, 9 bits of entropy available)
[    2.226624] random: udevadm: uninitialized urandom read (16 bytes read, 9 bits of entropy available)
[    2.226663] random: udevadm: uninitialized urandom read (16 bytes read, 9 bits of entropy available)
[    2.226834] random: udevadm: uninitialized urandom read (16 bytes read, 9 bits of entropy available)
[    2.226945] random: udevadm: uninitialized urandom read (16 bytes read, 9 bits of entropy available)
[    2.227025] random: udevadm: uninitialized urandom read (16 bytes read, 9 bits of entropy available)
[    2.227100] random: udevadm: uninitialized urandom read (16 bytes read, 9 bits of entropy available)
[    2.227137] random: udevadm: uninitialized urandom read (16 bytes read, 9 bits of entropy available)
[    2.356029] Fusion MPT base driver 3.04.20
[    2.356035] Copyright (c) 1999-2008 LSI Corporation
[    2.364924] e1000: Intel(R) PRO/1000 Network Driver - version 7.3.21-k8-NAPI
[    2.372084] e1000: Copyright (c) 1999-2006 Intel Corporation.
[    2.396888] Fusion MPT SPI Host driver 3.04.20
[    2.446649] SSE version of gcm_enc/dec engaged.
[    2.680849] input: ImExPS/2 Generic Explorer Mouse as /devices/platform/i8042/serio1/input/input4
[    3.090166] e1000 0000:00:03.0 eth0: (PCI:33MHz:32-bit) 02:be:82:6b:cc:1d
[    3.097217] e1000 0000:00:03.0 eth0: Intel(R) PRO/1000 Network Connection
[    3.718966] e1000 0000:00:08.0 eth1: (PCI:33MHz:32-bit) 08:00:27:b4:25:d0
[    3.727792] e1000 0000:00:08.0 eth1: Intel(R) PRO/1000 Network Connection
[    3.739199] e1000 0000:00:08.0 enp0s8: renamed from eth1
[    3.747063] mptbase: ioc0: Initiating bringup
[    3.761567] e1000 0000:00:03.0 enp0s3: renamed from eth0
[    3.842464] ioc0: LSI53C1030 A0: Capabilities={Initiator}
[    4.651823] scsi host2: ioc0: LSI53C1030 A0, FwRev=00000000h, Ports=1, MaxQ=256, IRQ=20
[    5.165853] scsi 2:0:0:0: Direct-Access     VBOX     HARDDISK         1.0  PQ: 0 ANSI: 5
[    5.174423] scsi target2:0:0: Beginning Domain Validation
[    5.188013] scsi target2:0:0: Domain Validation skipping write tests
[    5.194358] scsi target2:0:0: Ending Domain Validation
[    5.200187] scsi target2:0:0: asynchronous
[    5.225520] scsi 2:0:1:0: Direct-Access     VBOX     HARDDISK         1.0  PQ: 0 ANSI: 5
[    5.233188] scsi target2:0:1: Beginning Domain Validation
[    5.246970] scsi target2:0:1: Domain Validation skipping write tests
[    5.253092] scsi target2:0:1: Ending Domain Validation
[    5.258950] scsi target2:0:1: asynchronous
[    5.291235] sd 2:0:0:0: Attached scsi generic sg0 type 0
[    5.296991] sd 2:0:1:0: Attached scsi generic sg1 type 0
[    5.297729] sd 2:0:0:0: [sda] 83886080 512-byte logical blocks: (42.9 GB/40.0 GiB)
[    5.298359] sd 2:0:1:0: [sdb] 20480 512-byte logical blocks: (10.5 MB/10.0 MiB)
[    5.298940] sd 2:0:0:0: [sda] Write Protect is off
[    5.299757] sd 2:0:0:0: [sda] Incomplete mode parameter data
[    5.299758] sd 2:0:0:0: [sda] Assuming drive cache: write through
[    5.299810] sd 2:0:1:0: [sdb] Write Protect is off
[    5.300436] sd 2:0:1:0: [sdb] Incomplete mode parameter data
[    5.300437] sd 2:0:1:0: [sdb] Assuming drive cache: write through
[    5.315001]  sda: sda1
[    5.319292] sd 2:0:0:0: [sda] Attached SCSI disk
[    5.320483] sd 2:0:1:0: [sdb] Attached SCSI disk
Begin: Loading essential drivers ... [    6.827538] md: linear personality registered for level -1
[    6.837109] md: multipath personality registered for level -4
[    6.846376] md: raid0 personality registered for level 0
[    6.867008] md: raid1 personality registered for level 1
[    6.944327] raid6: sse2x1   gen()  8115 MB/s
[    7.016919] raid6: sse2x1   xor()  8387 MB/s
[    7.088265] raid6: sse2x2   gen() 17314 MB/s
[    7.160746] raid6: sse2x2   xor() 10984 MB/s
[    7.232533] raid6: sse2x4   gen() 18078 MB/s
[    7.304374] raid6: sse2x4   xor() 10400 MB/s
[    7.308834] raid6: using algorithm sse2x4 gen() 18078 MB/s
[    7.314340] raid6: .... xor() 10400 MB/s, rmw enabled
[    7.318934] raid6: using ssse3x2 recovery algorithm
[    7.325735] xor: measuring software checksum speed
[    7.368708]    prefetch64-sse: 19519.000 MB/sec
[    7.412140]    generic_sse: 18128.000 MB/sec
[    7.416555] xor: using function: prefetch64-sse (19519.000 MB/sec)
[    7.424744] async_tx: api initialized (async)
[    7.471020] md: raid6 personality registered for level 6
[    7.475723] md: raid5 personality registered for level 5
[    7.480462] md: raid4 personality registered for level 4
[    7.505086] md: raid10 personality registered for level 10
done.
Begin: Running /scripts/init-premount ... done.
Begin: Mounting root file system ... Begin: Running /scripts/local-top ... done.
Begin: Running /scripts/local-premount ... [    7.602528] Btrfs loaded
Scanning for Btrfs filesystems
done.
Warning: fsck not present, so skipping root file system
[    7.669451] EXT4-fs (sda1): mounted filesystem with ordered data mode. Opts: (null)
done.
Begin: Running /scripts/local-bottom ... done.
Begin: Running /scripts/init-bottom ... done.
[    7.860354] systemd[1]: systemd 229 running in system mode. (+PAM +AUDIT +SELINUX +IMA +APPARMOR +SMACK +SYSVINIT +UTMP +LIBCRYPTSETUP +GCRYPT +GNUTLS +ACL +XZ -LZ4 +SECCOMP +BLKID +ELFUTILS +KMOD -IDN)
[    7.875972] systemd[1]: Detected virtualization oracle.
[    7.881779] systemd[1]: Detected architecture x86-64.

Welcome to [1mUbuntu 16.04.7 LTS[0m!

[    7.897710] systemd[1]: Set hostname to <ubuntu>.
[    7.908968] systemd[1]: Initializing machine ID from random generator.
[    7.914971] systemd[1]: Installed transient /etc/machine-id file.
[    8.117712] systemd[1]: Listening on Syslog Socket.
[[0;32m  OK  [0m] Listening on Syslog Socket.
[    8.127877] systemd[1]: Listening on Device-mapper event daemon FIFOs.
[[0;32m  OK  [0m] Listening on Device-mapper event daemon FIFOs.
[    8.140210] systemd[1]: Created slice User and Session Slice.
[[0;32m  OK  [0m] Created slice User and Session Slice.
[    8.151435] systemd[1]: Created slice System Slice.
[[0;32m  OK  [0m] Created slice System Slice.
[    8.162166] systemd[1]: Created slice system-serial\x2dgetty.slice.
[[0;32m  OK  [0m] Created slice system-serial\x2dgetty.slice.
[    8.173947] systemd[1]: Listening on /dev/initctl Compatibility Named Pipe.
[[0;32m  OK  [0m] Listening on /dev/initctl Compatibility Named Pipe.
[    8.186361] systemd[1]: Listening on Journal Audit Socket.
[[0;32m  OK  [0m] Listening on Journal Audit Socket.
[    8.197672] systemd[1]: Listening on LVM2 poll daemon socket.
[[0;32m  OK  [0m] Listening on LVM2 poll daemon socket.
[    8.208933] systemd[1]: Listening on fsck to fsckd communication Socket.
[[0;32m  OK  [0m] Listening on fsck to fsckd communication Socket.
[    8.221141] systemd[1]: Listening on udev Kernel Socket.
[[0;32m  OK  [0m] Listening on udev Kernel Socket.
[    8.232285] systemd[1]: Reached target User and Group Name Lookups.
[[0;32m  OK  [0m] Reached target User and Group Name Lookups.
[    8.243848] systemd[1]: Listening on udev Control Socket.
[[0;32m  OK  [0m] Listening on udev Control Socket.
[    8.254757] systemd[1]: Reached target Encrypted Volumes.
[[0;32m  OK  [0m] Reached target Encrypted Volumes.
[    8.265497] systemd[1]: Reached target Slices.
[[0;32m  OK  [0m] Reached target Slices.
[    8.273773] systemd[1]: Started Forward Password Requests to Wall Directory Watch.
[[0;32m  OK  [0m] Started Forward Password Requests to Wall Directory Watch.
[    8.286845] systemd[1]: Reached target Swap.
[[0;32m  OK  [0m] Reached target Swap.
[    8.296525] systemd[1]: Listening on Journal Socket (/dev/log).
[[0;32m  OK  [0m] Listening on Journal Socket (/dev/log).
[    8.308000] systemd[1]: Set up automount Arbitrary Executable File Formats File System Automount Point.
[[0;32m  OK  [0m] Set up automount Arbitrary Executab...ats File System Automount Point.
[    8.323240] systemd[1]: Started Trigger resolvconf update for networkd DNS.
[[0;32m  OK  [0m] Started Trigger resolvconf update for networkd DNS.
[    8.335980] systemd[1]: Listening on Journal Socket.
[[0;32m  OK  [0m] Listening on Journal Socket.
[    8.356712] systemd[1]: Mounting POSIX Message Queue File System...
         Mounting POSIX Message Queue File System...[    8.367988] random: nonblocking pool is initialized

[    8.374656] systemd[1]: Mounting Huge Pages File System...
         Mounting Huge Pages File System...
[    8.385707] systemd[1]: Starting Nameserver information manager...
         Starting Nameserver information manager...
[    8.399176] systemd[1]: Starting Set console keymap...
         Starting Set console keymap...
[    8.414630] systemd[1]: Starting Uncomplicated firewall...
         Starting Uncomplicated firewall...
[    8.429711] systemd[1]: Starting File System Check on Root Device...
         Starting File System Check on Root Device...
[    8.445854] systemd[1]: Mounting Debug File System...
         Mounting Debug File System...
[    8.456971] systemd[1]: Starting Journal Service...
         Starting Journal Service...
[    8.489086] systemd[1]: Starting Create list of required static device nodes for the current kernel...
         Starting Create list of required st... nodes for the current kernel...
[    8.502717] systemd[1]: Reached target System Time Synchronized.
[[0;32m  OK  [0m] Reached target System Time Synchronized.
[    8.511514] systemd[1]: Listening on LVM2 metadata daemon socket.
[[0;32m  OK  [0m] Listening on LVM2 metadata daemon socket.
[    8.523687] systemd[1]: Starting Monitoring of LVM2 mirrors, snapshots etc. using dmeventd or progress polling...
         Starting Monitoring of LVM2 mirrors... dmeventd or progress polling...
[    8.543136] systemd[1]: Starting Load Kernel Modules...
         Starting Load Kernel Modules...
[    8.558093] systemd[1]: Mounted Huge Pages File System.
[[0;32m  OK  [0m] Mounted Huge Pages File System.
[    8.569728] systemd[1]: Mounted POSIX Message Queue File System.
[    8.578797] Loading iSCSI transport class v2.0-870.
[[0;32m  OK  [0m] Mounted POSIX Message Queue File System.
[    8.588038] systemd[1]: Mounted Debug File System.
[[0;32m  OK  [0m] Mounted Debug File System.
[    8.599484] systemd[1]: Started Journal Service.
[[0;32m  OK  [0m] Started Journal Service.[    8.609875] iscsi: registered transport (tcp)

[[0;32m  OK  [0m] Started Set console keymap.
[[0;32m  OK  [0m] Started Uncomplicated firewall.
[[0;32m  OK  [0m] Started File System Check on Root Device.
[[0;32m  OK  [0m] Started Create list of required sta...ce nodes for the current kernel.
[[0;32m  OK  [0m] Started Nameserver information manager.
[    8.699912] iscsi: registered transport (iser)
[[0;32m  OK  [0m] Started LVM2 metadata daemon.
[[0;32m  OK  [0m] Started File System Check Daemon to report status.
         Starting Create Static Device Nodes in /dev...
         Starting Remount Root and Kernel File Systems...
[    8.726784] EXT4-fs (sda1): re-mounted. Opts: (null)
[[0;32m  OK  [0m] Started Load Kernel Modules.
[[0;32m  OK  [0m] Started Remount Root and Kernel File Systems.
         Starting Flush Journal to Persistent Storage...
         Starting Load/Save Random Seed...
         Starting udev Coldplug all Devices...
         Starting Apply Kernel Variables...
         Mounting FUSE Control File System...
[[0;32m  OK  [0m] Started Load/Save Random Seed.
[[0;32m  OK  [0m] Mounted FUSE Control File System.
[    8.782513] systemd-journald[391]: Received request to flush runtime journal from PID 1
[[0;32m  OK  [0m] Started Flush Journal to Persistent Storage.
[[0;32m  OK  [0m] Started Create Static Device Nodes in /dev.
[[0;32m  OK  [0m] Started Apply Kernel Variables.
         Starting udev Kernel Device Manager...
[[0;32m  OK  [0m] Started udev Coldplug all Devices.
[[0;32m  OK  [0m] Started udev Kernel Device Manager.
[[0;32m  OK  [0m] Started Dispatch Password Requests to Console Directory Watch.
[[0;32m  OK  [0m] Found device /dev/ttyS0.
[[0;32m  OK  [0m] Listening on Load/Save RF Kill Switch Status /dev/rfkill Watch.
[[0;32m  OK  [0m] Started Monitoring of LVM2 mirrors,...ng dmeventd or progress polling.
[[0;32m  OK  [0m] Reached target Local File Systems (Pre).
[[0;32m  OK  [0m] Reached target Local File Systems.
         Starting Set console font and keymap...
         Starting LSB: AppArmor initialization...
         Starting Create Volatile Files and Directories...
         Starting Commit a transient machine-id on disk...
         Starting Initial cloud-init job (pre-networking)...
         Starting Tell Plymouth To Write Out Runtime Data...
[[0;32m  OK  [0m] Started Create Volatile Files and Directories.
[[0;32m  OK  [0m] Started Commit a transient machine-id on disk.
[[0;32m  OK  [0m] Started Tell Plymouth To Write Out Runtime Data.
         Starting Update UTMP about System Boot/Shutdown...
[[0;32m  OK  [0m] Started Update UTMP about System Boot/Shutdown.
[[0;32m  OK  [0m] Started Set console font and keymap.
[[0;32m  OK  [0m] Created slice system-getty.slice.
[[0;32m  OK  [0m] Started LSB: AppArmor initialization.
         Starting Load AppArmor profiles managed internally by snapd...
[[0;32m  OK  [0m] Started Load AppArmor profiles managed internally by snapd.
[   11.325043] cloud-init[661]: Cloud-init v. 21.1-19-gbad84ad4-0ubuntu1~16.04.2 running 'init-local' at Thu, 04 Apr 2024 16:58:44 +0000. Up 11.06 seconds.
[[0;32m  OK  [0m] Started Initial cloud-init job (pre-networking).
[[0;32m  OK  [0m] Reached target Network (Pre).
         Starting Raise network interfaces...
[[0;32m  OK  [0m] Started Raise network interfaces.
         Starting Initial cloud-init job (metadata service crawler)...
[[0;32m  OK  [0m] Reached target Network.
[   12.416922] cloud-init[967]: Cloud-init v. 21.1-19-gbad84ad4-0ubuntu1~16.04.2 running 'init' at Thu, 04 Apr 2024 16:58:45 +0000. Up 11.90 seconds.
[   12.425615] cloud-init[967]: ci-info: ++++++++++++++++++++++++++++++++++++++Net device info+++++++++++++++++++++++++++++++++++++++
[   12.433562] cloud-init[967]: ci-info: +--------+-------+----------------------------+---------------+--------+-------------------+
[   12.442108] cloud-init[967]: ci-info: | Device |   Up  |          Address           |      Mask     | Scope  |     Hw-Address    |
[   12.450371] cloud-init[967]: ci-info: +--------+-------+----------------------------+---------------+--------+-------------------+
[   12.460636] cloud-init[967]: [[0;32m  OK  [0m] Started Initial cloud-init job (metadata service crawler).
[[0;32m  OK  [0m] Reached target System Initialization.
[[0;32m  OK  [0m] Started Daily Cleanup of Temporary Directories.
[[0;32m  OK  [0m] Started Daily apt download activities.
ci-info: | enp0s3 |  True |         10.0.2.15          | 255.255.255.0 | global | 02:be:82:6b:cc:1d |         Starting LXD - unix socket.
[[0;32m  OK  [0m] Listening on D-Bus System Message Bus Socket.

[   12.478931] cloud-init[967]: ci-info: | enp0s3 |  True | fe80::be:82ff:fe6b:cc1d/64 |       .       |  link  | 02:be:82:6b:cc:1d |
[[0;32m  OK  [0m] Started ACPI Events Check.
[   12.487507] [[0;32m  OK  [0m] Reached target Paths.
         Starting Socket activation for snappy daemon.
[[0;32m  OK  [0m] Started Daily apt upgrade and clean activities.
[[0;32m  OK  [0m] Listening on ACPID Listen Socket.
[[0;32m  OK  [0m] Started Message of the Day.
[[0;32m  OK  [0m] Started Ubuntu Advantage update messaging.
[[0;32m  OK  [0m] Reached target Timers.
[[0;32m  OK  [0m] Listening on UUID daemon activation socket.
[[0;32m  OK  [0m] Reached target Network is Online.
cloud-init[967]: ci-info: | enp0s8 | False |             .              |       .       |   .    | 08:00:27:b4:25:d0 |
[   12.509065] cloud-init[967]: ci-info: |   lo   |  True |         127.0.0.1          |   255.0.0.0   |  host  |         .         |
[   12.516959] cloud-init[967]: ci-info: |   lo   |  True |          ::1/128           |       .       |  host  |         .         |         Starting iSCSI initiator daemon (iscsid)...
[[0;32m  OK  [0m] Reached target Cloud-config availability.
[[0;32m  OK  [0m] Listening on LXD - unix socket.
[[0;32m  OK  [0m] Listening on Socket activation for snappy daemon.
[[0;32m  OK  [0m] Reached target Sockets.
[[0;32m  OK  [0m] Reached target Basic System.
         Starting System Logging Service...
[[0;32m  OK  [0m] Started Deferred execution scheduler.
         Starting Accounts Service...
         Starting LXD - container startup/shutdown...

[   12.540668] cloud-init[967]: ci-info: +--------+-------+----------------------------+---------------+--------+-------------------+
[   12.540696] cloud-init[967]: ci-info: +++++++++++++++++++++++++++Route IPv4 info++++++++++++++++++++++++++++
[   12.540717] cloud-init[967]: ci-info: +-------+-------------+----------+---------------+-----------+-------+
[   12.541131] cloud-init[967]: ci-info: | Route | Destination | Gateway  |    Genmask    | Interface | Flags |
[   12.541505] cloud-init[967]: ci-info: +-------+-------------+----------+---------------+-----------+-------+
[   12.541874] cloud-init[967]: ci-info: |   0   |   0.0.0.0   | 10.0.2.2 |    0.0.0.0    |   enp0s3  |   UG  |
[   12.542246] cloud-init[967]: ci-info: |   1   |   10.0.2.0  | 0.0.0.0  | 255.255.255.0 |   enp0s3  |   U   |
[   12.542666] cloud-init[967]: ci-info: +-------+-------------+----------+---------------+-----------+-------+
[   12.542986] cloud-init[967]: ci-info: +++++++++++++++++++Route IPv6 info+++++++++++++++++++
[   12.543361] cloud-init[967]: ci-info: +-------+-------------+---------+-----------+-------+
         Starting Pollinate to seed the pseudo random number generator...
         Starting Virtualbox guest utils...
         Starting LSB: MD monitoring daemon...
[   12.543739] cloud-init[967]: ci-info: | Route | Destination | Gateway | Interface | Flags |
         Starting Snap Daemon...
         Starting /etc/rc.local Compatibility...
[   12.577103] cloud-init[967]: ci-info: +-------+-------------+---------+-----------+-------+
[[0;32m  OK  [0m] Started Regular background program processing daemon.
[[0;32m  OK  [0m] Started D-Bus System Message Bus.
[   12.590654] cloud-init[967]: ci-info: |   0   |  fe80::/64  |    ::   |   enp0s3  |   U   |
[   12.605521] cloud-init[967]: ci-info: |   3   |   ff00::/8  |    ::   |   enp0s3  |   U   |
[   12.614200] cloud-init[967]: ci-info: +-------+-------------+---------+-----------+-------+
[   12.626030] cloud-init[967]: Generating public/private rsa key pair.
[   12.629816] cloud-init[967]: Your identification has been saved in /etc/ssh/ssh_host_rsa_key.
[   12.636753] cloud-init[967]: Your public key has been saved in /etc/ssh/ssh_host_rsa_key.pub.
[   12.642515] cloud-init[967]: The key fingerprint is:
[   12.654704] cloud-init[967]: SHA256:ZFP/0HBnsl1Va6zb0MNVc0FC5r2neDuZg0f31kdGHyY root@ubuntu-xenial
[   12.678909] cloud-init[967]: The key's randomart image is:
[   12.696035] cloud-init[967]: +---[RSA 2048]----+
[   12.710057] cloud-init[967]: |          . o+++%|
[   12.724666] cloud-init[967]: |         . .o++**|
[   12.748828]          Starting LSB: Record successful boot for GRUB...
cloud-init[[0;32m  OK  [0m] Started ACPI event daemon.
[967]: |        +   o.o=o|
[   12.790260] cloud-init[967]: |       o .   E=o+|
[   12.806038] cloud-init[967]: |        S    o+*+|
[   12.807141] cloud-init[967]: |             .=.B|
[   12.807526] cloud-init[967]: |            .+oBo|
[   12.807905] cloud-init[967]: |            ..*.=|
[   12.808683] cloud-init[967]: |             ..+.|
[   12.809050] cloud-init[967]: +----[SHA256]-----+
[   12.809430] cloud-init[967]: Generating public/private dsa key pair.
[   12.809797] cloud-init[967]: Your identification has been saved in /etc/ssh/ssh_host_dsa_key.
[   12.810169] cloud-init[967]: Your public key has been saved in /etc/ssh/ssh_host_dsa_key.pub.
[   12.810574] cloud-init[967]: The key fingerprint is:
[   12.810911] cloud-init[967]: SHA256:+o0apqWz/4ji+VVUajCzCQEeKcLquyZebTyG2Rlie+Y root@ubuntu-xenial
[   12.811283] cloud-init[967]: The key's randomart image is:
[   12.811655] cloud-init[967]: +---[DSA 1024]----+
[   12.812026] cloud-init[967]: |. ooo.+   .      |
[   12.812847] cloud-init[967]: |oo.. . * o       |
[   12.813212] cloud-init[967]: |o..   o +        |
[   12.813586] cloud-init[967]: |.      o         |
[   12.813976] cloud-init[967]: |.  o .  S        |
[   12.814349] cloud-init[967]: | .. O oo         |
[   12.814720] cloud-init[967]: |  .= @*          |
[   12.815128] cloud-init[967]: |.oo.BB.+ o       |
[   12.815489] cloud-init[967]: |+++o*E+o+ .      |
[   12.816675] cloud-init[967]: +----[SHA256]-----+
[   12.817041] cloud-init[967]: Generating public/private ecdsa key pair.
[   12.817414] cloud-init[967]: Your identification has been saved in /etc/ssh/ssh_host_ecdsa_key.
[   12.817784] cloud-init[967]: Your public key has been saved in /etc/ssh/ssh_host_ecdsa_key.pub.
[   12.818191] cloud-init[967]: The key fingerprint is:
[   12.818530] cloud-init[967]: SHA256:Ih2Zdv1Mz/VTkMHRnf4mJ278/4OP6MSMmTXOEUKb/B4 root@ubuntu-xenial
[   12.818905] cloud-init[967]: The key's randomart image is:
[   12.819282] cloud-init[967]: +---[ECDSA 256]---+
[   12.819950] cloud-init[967]: |         .   .+=o|
[   12.820562] cloud-init[967]: |       oo.o   ooo|
[   12.821054] cloud-init[967]: |      = .=... . o|
[   12.821428] cloud-init[967]: |     o o  o+.o oo|
[   12.821904] cloud-init[967]: |    . o S  Eo o.o|
[   12.822279] cloud-init[967]: |     . .  @ + o =|
[   12.822686] cloud-init[967]: |         + B o.= |
[   12.823069] cloud-init[967]: |          . ..=. |
[   12.823528] cloud-init[967]: |          .o o.oB|
[   12.823886] cloud-init[967]: +----[SHA256]-----+
[   12.824740] cloud-init[967]: Generating public/private ed25519 key pair.
[   12.825122] cloud-init[967]: Your identification has been saved in /etc/ssh/ssh_host_ed25519_key.
[   12.825530] cloud-init[967]: Your public key has been saved in /etc/ssh/ssh_host_ed25519_key.pub.
[   12.825916] cloud-init[967]: The key fingerprint is:
[   12.826759] cloud-init[967]: SHA256:uBTElS/IFR2UHOapWU5xdlD2AmFf/D3Y7GRn8RX5AHs root@ubuntu-xenial
[   12.827144] cloud-init[967]: The key's randomart image is:
[   12.827554] cloud-init[967]: +--[ED25519 256]--+
[   12.827950] cloud-init[967]: |     ...o**+O=+o+|
[   12.828815] cloud-init[967]: |     .. oo+* *.=o|
[   12.829483] cloud-init[967]: |     ..o .= . E.O|
[   12.829580] cloud-init[967]: |      oo.*.  o BB|
[   12.830521] cloud-init[967]: |      o S..   +.o|
[   12.830949] cloud-init[967]: |     . .       . |
[   12.831281] cloud-init[967]: |      .          |
[   12.831694] cloud-init[967]: |                 |
[   12.832631] cloud-init[967]: |                 |
[   12.832935] cloud-init[967]: +----[SHA256]-----+
         Starting Login Service...
[[0;32m  OK  [0m] Started FUSE filesystem for LXC.
[[0;32m  OK  [0m] Started System Logging Service.
[[0;32m  OK  [0m] Started /etc/rc.local Compatibility.
[[0;32m  OK  [0m] Started iSCSI initiator daemon (iscsid).
         Starting Authenticate and Authorize Users to Run Privileged Tasks...
         Starting Login to default iSCSI targets...
[[0;32m  OK  [0m] Started LXD - container startup/shutdown.
[[0;32m  OK  [0m] Started Login Service.
[[0;32m  OK  [0m] Started Unattended Upgrades Shutdown.
[[0;32m  OK  [0m] Started LSB: Record successful boot for GRUB.
[[0;32m  OK  [0m] Started LSB: MD monitoring daemon.
[[0;32m  OK  [0m] Started Authenticate and Authorize Users to Run Privileged Tasks.
[[0;32m  OK  [0m] Started Login to default iSCSI targets.
[[0;32m  OK  [0m] Started Accounts Service.
[[0;32m  OK  [0m] Reached target Remote File Systems (Pre).
[[0;32m  OK  [0m] Reached target Remote File Systems.
         Starting LSB: automatic crash report generation...
         Starting Permit User Sessions...
         Starting LSB: Set the CPU Frequency Scaling governor to "ondemand"...
         Starting LSB: daemon to balance interrupts for SMP systems...
[[0;32m  OK  [0m] Started Virtualbox guest utils.
[[0;32m  OK  [0m] Started Permit User Sessions.
         Starting Hold until boot process finishes up...
         Starting Terminate Plymouth Boot Screen...
[[0;32m  OK  [0m] Started LSB: Set the CPU Frequency Scaling governor to "ondemand".
[[0;32m  OK  [0m] Started Hold until boot process finishes up.
[[0;32m  OK  [0m] Started LSB: automatic crash report generation.
[[0;32m  OK  [0m] Started LSB: daemon to balance interrupts for SMP systems.
[[0;32m  OK  [0m] Started Terminate Plymouth Boot Screen.
[[0;32m  OK  [0m] Started Serial Getty on ttyS0.
         Starting Set console scheme...
[[0;32m  OK  [0m] Started Getty on tty1.
[[0;32m  OK  [0m] Reached target Login Prompts.
[[0;32m  OK  [0m] Started Set console scheme.
[[0;32m  OK  [0m] Started Snap Daemon.
         Starting Wait until snapd is fully seeded...
[[0;32m  OK  [0m] Started Pollinate to seed the pseudo random number generator.
         Starting OpenBSD Secure Shell server...
[[0;32m  OK  [0m] Started OpenBSD Secure Shell server.
[[0;32m  OK  [0m] Started Wait until snapd is fully seeded.
         Starting Apply the settings specified in cloud-config...
[[0;32m  OK  [0m] Reached target Multi-User System.
[[0;32m  OK  [0m] Reached target Graphical Interface.
         Starting Update UTMP about System Runlevel Changes...
[[0;32m  OK  [0m] Started Update UTMP about System Runlevel Changes.
[[0;32m  OK  [0m] Created slice User Slice of vagrant.
         Starting User Manager for UID 1000...
[[0;32m  OK  [0m] Started Session 1 of user vagrant.
[   17.592950] cloud-init[1310]: Generating locales (this might take a while)...
[[0;32m  OK  [0m] Started User Manager for UID 1000.
[   19.006766] cloud-init[1310]:   en_US.UTF-8... done
[   19.012881] cloud-init[1310]: Generation complete.
[   19.411449] cloud-init[1310]: Cloud-init v. 21.1-19-gbad84ad4-0ubuntu1~16.04.2 running 'modules:config' at Thu, 04 Apr 2024 16:58:50 +0000. Up 17.46 seconds.

Ubuntu 16.04.7 LTS ubuntu-xenial ttyS0

ubuntu-xenial login: ci-info: no authorized SSH keys fingerprints found for user ubuntu.
<14>Apr  4 16:58:53 ec2: 
<14>Apr  4 16:58:53 ec2: #############################################################
<14>Apr  4 16:58:53 ec2: -----BEGIN SSH HOST KEY FINGERPRINTS-----
<14>Apr  4 16:58:53 ec2: 1024 SHA256:+o0apqWz/4ji+VVUajCzCQEeKcLquyZebTyG2Rlie+Y root@ubuntu-xenial (DSA)
<14>Apr  4 16:58:53 ec2: 256 SHA256:Ih2Zdv1Mz/VTkMHRnf4mJ278/4OP6MSMmTXOEUKb/B4 root@ubuntu-xenial (ECDSA)
<14>Apr  4 16:58:53 ec2: 256 SHA256:uBTElS/IFR2UHOapWU5xdlD2AmFf/D3Y7GRn8RX5AHs root@ubuntu-xenial (ED25519)
<14>Apr  4 16:58:53 ec2: 2048 SHA256:ZFP/0HBnsl1Va6zb0MNVc0FC5r2neDuZg0f31kdGHyY root@ubuntu-xenial (RSA)
<14>Apr  4 16:58:53 ec2: -----END SSH HOST KEY FINGERPRINTS-----
<14>Apr  4 16:58:53 ec2: #############################################################
-----BEGIN SSH HOST KEY KEYS-----
ecdsa-sha2-nistp256 AAAAE2VjZHNhLXNoYTItbmlzdHAyNTYAAAAIbmlzdHAyNTYAAABBBOMODJObovbb8g7qrcNjMakRL/h7tttNpHem5IR+J+mmJUyknVzfg6A19ySQaMcouQj/XteujjJx8pn7jsSYAqM= root@ubuntu-xenial
ssh-ed25519 AAAAC3NzaC1lZDI1NTE5AAAAIIR5hHlNXiMXYHBOXHkPebJ6Umg7ag2Q2YRfkQzQC2G2 root@ubuntu-xenial
ssh-rsa AAAAB3NzaC1yc2EAAAADAQABAAABAQDH/HjihIltLqAbpIfnh1zuYeHxwxl5LqFU+8uKb1snP10cFZK1BR7fXvk51nfjrZZsHhjeSFb9YcvEY4y9oiNptk7WUesBNPaYXTmdU70hFhkqotIIRp1edBWgJGFkxYIuzRtbMYGMVN+e/9Bvwb/Cc+0+aeXexcSc9lSvPIZu+l+y2yqKoQogYvlKMmL20bUHdMCIy7AvpmJkQMsQ6tykQsXMlIA6fWclfJYx8hBDPox01URD55AWjNQI5GyDm5+y4pWhsWz663W48rc0kjHU0t8Z+5ghyZLcdgbdLFEJ+ALdwOjS/tm5hmV6zdSUxu5MBTrcJeWW5153EqM+8oHl root@ubuntu-xenial
-----END SSH HOST KEY KEYS-----
[   19.848569] cloud-init[1496]: Cloud-init v. 21.1-19-gbad84ad4-0ubuntu1~16.04.2 running 'modules:final' at Thu, 04 Apr 2024 16:58:53 +0000. Up 19.67 seconds.
[   19.855097] cloud-init[1496]: ci-info: no authorized SSH keys fingerprints found for user ubuntu.
[   19.861534] cloud-init[1496]: Cloud-init v. 21.1-19-gbad84ad4-0ubuntu1~16.04.2 finished at Thu, 04 Apr 2024 16:58:53 +0000. Datasource DataSourceNoCloud [seed=/dev/sdb][dsmode=net].  Up 19.84 seconds
