[    0.000000] Linux version 4.15.0-212-generic (buildd@lcy02-amd64-083) (gcc version 7.5.0 (Ubuntu 7.5.0-3ubuntu1~18.04)) #223-Ubuntu SMP Tue May 23 13:09:22 UTC 2023 (Ubuntu 4.15.0-212.223-generic 4.15.18)
[    0.000000] Command line: BOOT_IMAGE=/boot/vmlinuz-4.15.0-212-generic root=LABEL=cloudimg-rootfs ro console=tty1 console=ttyS0
[    0.000000] KERNEL supported cpus:
[    0.000000]   Intel GenuineIntel
[    0.000000]   AMD AuthenticAMD
[    0.000000]   Centaur CentaurHauls
[    0.000000] [Firmware Bug]: TSC doesn't count with P0 frequency!
[    0.000000] x86/fpu: x87 FPU will use FXSAVE
[    0.000000] e820: BIOS-provided physical RAM map:
[    0.000000] BIOS-e820: [mem 0x0000000000000000-0x000000000009fbff] usable
[    0.000000] BIOS-e820: [mem 0x000000000009fc00-0x000000000009ffff] reserved
[    0.000000] BIOS-e820: [mem 0x00000000000f0000-0x00000000000fffff] reserved
[    0.000000] BIOS-e820: [mem 0x0000000000100000-0x000000003ffeffff] usable
[    0.000000] BIOS-e820: [mem 0x000000003fff0000-0x000000003fffffff] ACPI data
[    0.000000] BIOS-e820: [mem 0x00000000fec00000-0x00000000fec00fff] reserved
[    0.000000] BIOS-e820: [mem 0x00000000fee00000-0x00000000fee00fff] reserved
[    0.000000] BIOS-e820: [mem 0x00000000fffc0000-0x00000000ffffffff] reserved
[    0.000000] NX (Execute Disable) protection: active
[    0.000000] SMBIOS 2.5 present.
[    0.000000] DMI: innotek GmbH VirtualBox/VirtualBox, BIOS VirtualBox 12/01/2006
[    0.000000] Hypervisor detected: KVM
[    0.000000] e820: last_pfn = 0x3fff0 max_arch_pfn = 0x400000000
[    0.000000] MTRR: Disabled
[    0.000000] x86/PAT: MTRRs disabled, skipping PAT initialization too.
[    0.000000] CPU MTRRs all blank - virtualized system.
[    0.000000] x86/PAT: Configuration [0-7]: WB  WT  UC- UC  WB  WT  UC- UC  
[    0.000000] found SMP MP-table at [mem 0x0009fff0-0x0009ffff]
[    0.000000] Scanning 1 areas for low memory corruption
[    0.000000] RAMDISK: [mem 0x359cb000-0x36cdcfff]
[    0.000000] ACPI: Early table checksum verification disabled
[    0.000000] ACPI: RSDP 0x00000000000E0000 000024 (v02 VBOX  )
[    0.000000] ACPI: XSDT 0x000000003FFF0030 00003C (v01 VBOX   VBOXXSDT 00000001 ASL  00000061)
[    0.000000] ACPI: FACP 0x000000003FFF00F0 0000F4 (v04 VBOX   VBOXFACP 00000001 ASL  00000061)
[    0.000000] ACPI: DSDT 0x000000003FFF0610 002353 (v02 VBOX   VBOXBIOS 00000002 INTL 20100528)
[    0.000000] ACPI: FACS 0x000000003FFF0200 000040
[    0.000000] ACPI: FACS 0x000000003FFF0200 000040
[    0.000000] ACPI: APIC 0x000000003FFF0240 00005C (v02 VBOX   VBOXAPIC 00000001 ASL  00000061)
[    0.000000] ACPI: SSDT 0x000000003FFF02A0 00036C (v01 VBOX   VBOXCPUT 00000002 INTL 20100528)
[    0.000000] ACPI: Reserving FACP table memory at [mem 0x3fff00f0-0x3fff01e3]
[    0.000000] ACPI: Reserving DSDT table memory at [mem 0x3fff0610-0x3fff2962]
[    0.000000] ACPI: Reserving FACS table memory at [mem 0x3fff0200-0x3fff023f]
[    0.000000] ACPI: Reserving FACS table memory at [mem 0x3fff0200-0x3fff023f]
[    0.000000] ACPI: Reserving APIC table memory at [mem 0x3fff0240-0x3fff029b]
[    0.000000] ACPI: Reserving SSDT table memory at [mem 0x3fff02a0-0x3fff060b]
[    0.000000] No NUMA configuration found
[    0.000000] Faking a node at [mem 0x0000000000000000-0x000000003ffeffff]
[    0.000000] NODE_DATA(0) allocated [mem 0x3ffc5000-0x3ffeffff]
[    0.000000] kvm-clock: cpu 0, msr 0:3ff44001, primary cpu clock
[    0.000000] kvm-clock: Using msrs 4b564d01 and 4b564d00
[    0.000000] kvm-clock: using sched offset of 5994832688 cycles
[    0.000000] clocksource: kvm-clock: mask: 0xffffffffffffffff max_cycles: 0x1cd42e4dffb, max_idle_ns: 881590591483 ns
[    0.000000] Zone ranges:
[    0.000000]   DMA      [mem 0x0000000000001000-0x0000000000ffffff]
[    0.000000]   DMA32    [mem 0x0000000001000000-0x000000003ffeffff]
[    0.000000]   Normal   empty
[    0.000000]   Device   empty
[    0.000000] Movable zone start for each node
[    0.000000] Early memory node ranges
[    0.000000]   node   0: [mem 0x0000000000001000-0x000000000009efff]
[    0.000000]   node   0: [mem 0x0000000000100000-0x000000003ffeffff]
[    0.000000] Reserved but unavailable: 104 pages
[    0.000000] Initmem setup node 0 [mem 0x0000000000001000-0x000000003ffeffff]
[    0.000000] ACPI: PM-Timer IO Port: 0x4008
[    0.000000] IOAPIC[0]: apic_id 2, version 32, address 0xfec00000, GSI 0-23
[    0.000000] ACPI: INT_SRC_OVR (bus 0 bus_irq 0 global_irq 2 dfl dfl)
[    0.000000] ACPI: INT_SRC_OVR (bus 0 bus_irq 9 global_irq 9 low level)
[    0.000000] Using ACPI (MADT) for SMP configuration information
[    0.000000] smpboot: Allowing 2 CPUs, 0 hotplug CPUs
[    0.000000] PM: Registered nosave memory: [mem 0x00000000-0x00000fff]
[    0.000000] PM: Registered nosave memory: [mem 0x0009f000-0x0009ffff]
[    0.000000] PM: Registered nosave memory: [mem 0x000a0000-0x000effff]
[    0.000000] PM: Registered nosave memory: [mem 0x000f0000-0x000fffff]
[    0.000000] e820: [mem 0x40000000-0xfebfffff] available for PCI devices
[    0.000000] Booting paravirtualized kernel on KVM
[    0.000000] clocksource: refined-jiffies: mask: 0xffffffff max_cycles: 0xffffffff, max_idle_ns: 7645519600211568 ns
[    0.000000] setup_percpu: NR_CPUS:8192 nr_cpumask_bits:2 nr_cpu_ids:2 nr_node_ids:1
[    0.000000] percpu: Embedded 50 pages/cpu s167936 r8192 d28672 u1048576
[    0.000000] PV qspinlock hash table entries: 256 (order: 0, 4096 bytes)
[    0.000000] Built 1 zonelists, mobility grouping on.  Total pages: 257913
[    0.000000] Policy zone: DMA32
[    0.000000] Kernel command line: BOOT_IMAGE=/boot/vmlinuz-4.15.0-212-generic root=LABEL=cloudimg-rootfs ro console=tty1 console=ttyS0
[    0.000000] Memory: 982644K/1048120K available (12300K kernel code, 2477K rwdata, 4324K rodata, 2480K init, 2720K bss, 65476K reserved, 0K cma-reserved)
[    0.000000] SLUB: HWalign=64, Order=0-3, MinObjects=0, CPUs=2, Nodes=1
[    0.000000] ftrace: allocating 39508 entries in 155 pages
[    0.004000] Hierarchical RCU implementation.
[    0.004000] 	RCU restricting CPUs from NR_CPUS=8192 to nr_cpu_ids=2.
[    0.004000] 	Tasks RCU enabled.
[    0.004000] RCU: Adjusting geometry for rcu_fanout_leaf=16, nr_cpu_ids=2
[    0.004000] NR_IRQS: 524544, nr_irqs: 440, preallocated irqs: 16
[    0.004000] random: crng init done
[    0.004000] Console: colour VGA+ 80x25
[    0.004000] console [tty1] enabled
[    0.004000] console [ttyS0] enabled
[    0.004000] ACPI: Core revision 20170831
[    0.004000] ACPI: 2 ACPI AML tables successfully acquired and loaded
[    0.004000] APIC: Switch to symmetric I/O mode setup
[    0.004000] ..TIMER: vector=0x30 apic1=0 pin1=2 apic2=-1 pin2=-1
[    0.004000] tsc: Detected 1996.265 MHz processor
[    0.004000] Calibrating delay loop (skipped) preset value.. 3992.53 BogoMIPS (lpj=7985060)
[    0.004000] pid_max: default: 32768 minimum: 301
[    0.004097] Security Framework initialized
[    0.008004] Yama: becoming mindful.
[    0.012155] AppArmor: AppArmor initialized
[    0.022403] Dentry cache hash table entries: 131072 (order: 8, 1048576 bytes)
[    0.029564] Inode-cache hash table entries: 65536 (order: 7, 524288 bytes)
[    0.032113] Mount-cache hash table entries: 2048 (order: 2, 16384 bytes)
[    0.036153] Mountpoint-cache hash table entries: 2048 (order: 2, 16384 bytes)
[    0.045234] Last level iTLB entries: 4KB 1024, 2MB 1024, 4MB 512
[    0.048009] Last level dTLB entries: 4KB 2048, 2MB 2048, 4MB 1024, 1GB 0
[    0.052006] Spectre V1 : Mitigation: usercopy/swapgs barriers and __user pointer sanitization
[    0.056010] Spectre V2 : Mitigation: Retpolines
[    0.060003] Spectre V2 : Spectre v2 / SpectreRSB mitigation: Filling RSB on context switch
[    0.064051] Spectre V2 : Spectre v2 / SpectreRSB : Filling RSB on VMEXIT
[    0.068007] RETBleed: Vulnerable
[    0.072209] Freeing SMP alternatives memory: 36K
[    0.200005] APIC calibration not consistent with PM-Timer: 104ms instead of 100ms
[    0.204000] APIC delta adjusted to PM-Timer: 6393510 (6659590)
[    0.204455] smpboot: CPU0: AMD Ryzen 7 4700U with Radeon Graphics (family: 0x17, model: 0x60, stepping: 0x1)
[    0.208566] Performance Events: PMU not available due to virtualization, using software events only.
[    0.212182] Hierarchical SRCU implementation.
[    0.220493] NMI watchdog: Perf event create on CPU 0 failed with -2
[    0.224009] NMI watchdog: Perf NMI watchdog permanently disabled
[    0.228427] smp: Bringing up secondary CPUs ...
[    0.236344] x86: Booting SMP configuration:
[    0.240009] .... node  #0, CPUs:      #1
[    0.004000] kvm-clock: cpu 1, msr 0:3ff44041, secondary cpu clock
[    0.254734] TSC synchronization [CPU#0 -> CPU#1]:
[    0.256000] Measured 54535 cycles TSC warp between CPUs, turning off TSC clock.
[    0.256000] tsc: Marking TSC unstable due to check_tsc_sync_source failed
[    0.260108] smp: Brought up 1 node, 2 CPUs
[    0.264006] smpboot: Max logical packages: 1
[    0.268004] smpboot: Total of 2 processors activated (7985.06 BogoMIPS)
[    0.276110] devtmpfs: initialized
[    0.280504] x86/mm: Memory block size: 128MB
[    0.288538] evm: security.selinux
[    0.292003] evm: security.SMACK64
[    0.296018] evm: security.SMACK64EXEC
[    0.300006] evm: security.SMACK64TRANSMUTE
[    0.308003] evm: security.SMACK64MMAP
[    0.312002] evm: security.apparmor
[    0.320009] evm: security.ima
[    0.324005] evm: security.capability
[    0.332484] clocksource: jiffies: mask: 0xffffffff max_cycles: 0xffffffff, max_idle_ns: 7645041785100000 ns
[    0.336024] futex hash table entries: 512 (order: 3, 32768 bytes)
[    0.340223] pinctrl core: initialized pinctrl subsystem
[    0.344657] RTC time: 13:26:09, date: 02/04/24
[    0.349175] NET: Registered protocol family 16
[    0.352203] audit: initializing netlink subsys (disabled)
[    0.356483] audit: type=2000 audit(1707053176.358:1): state=initialized audit_enabled=0 res=1
[    0.368118] cpuidle: using governor ladder
[    0.376036] cpuidle: using governor menu
[    0.384215] ACPI: bus type PCI registered
[    0.388011] acpiphp: ACPI Hot Plug PCI Controller Driver version: 0.5
[    0.392757] PCI: Using configuration type 1 for base access
[    0.396012] PCI: Using configuration type 1 for extended access
[    0.408555] HugeTLB registered 2.00 MiB page size, pre-allocated 0 pages
[    0.416651] ACPI: Added _OSI(Module Device)
[    0.424007] ACPI: Added _OSI(Processor Device)
[    0.432009] ACPI: Added _OSI(3.0 _SCP Extensions)
[    0.436003] ACPI: Added _OSI(Processor Aggregator Device)
[    0.444005] ACPI: Added _OSI(Linux-Dell-Video)
[    0.452011] ACPI: Added _OSI(Linux-Lenovo-NV-HDMI-Audio)
[    0.460004] ACPI: Added _OSI(Linux-HPI-Hybrid-Graphics)
[    0.468354] ACPI: Executed 1 blocks of module-level executable AML code
[    0.481619] ACPI: Interpreter enabled
[    0.488053] ACPI: (supports S0 S5)
[    0.492006] ACPI: Using IOAPIC for interrupt routing
[    0.496223] PCI: Using host bridge windows from ACPI; if necessary, use "pci=nocrs" and report a bug
[    0.508279] ACPI: Enabled 2 GPEs in block 00 to 07
[    0.528461] ACPI: PCI Root Bridge [PCI0] (domain 0000 [bus 00-ff])
[    0.544025] acpi PNP0A03:00: _OSC: OS supports [ExtendedConfig ASPM ClockPM Segments MSI]
[    0.552364] acpi PNP0A03:00: _OSC: platform does not support [PCIeCapability]
[    0.564818] acpi PNP0A03:00: _OSC: not requesting control; platform does not support [PCIeCapability]
[    0.580009] acpi PNP0A03:00: _OSC: OS requested [PCIeHotplug PME AER PCIeCapability]
[    0.584000] acpi PNP0A03:00: _OSC: platform willing to grant [PCIeHotplug PME AER]
[    0.588010] acpi PNP0A03:00: _OSC failed (AE_SUPPORT); disabling ASPM
[    0.596596] PCI host bridge to bus 0000:00
[    0.608015] pci_bus 0000:00: root bus resource [io  0x0000-0x0cf7 window]
[    0.616007] pci_bus 0000:00: root bus resource [io  0x0d00-0xffff window]
[    0.620011] pci_bus 0000:00: root bus resource [mem 0x000a0000-0x000bffff window]
[    0.628009] pci_bus 0000:00: root bus resource [mem 0x40000000-0xfdffffff window]
[    0.640010] pci_bus 0000:00: root bus resource [bus 00-ff]
[    0.654214] pci 0000:00:01.1: legacy IDE quirk: reg 0x10: [io  0x01f0-0x01f7]
[    0.664013] pci 0000:00:01.1: legacy IDE quirk: reg 0x14: [io  0x03f6]
[    0.676009] pci 0000:00:01.1: legacy IDE quirk: reg 0x18: [io  0x0170-0x0177]
[    0.680012] pci 0000:00:01.1: legacy IDE quirk: reg 0x1c: [io  0x0376]
[    0.720060] pci 0000:00:07.0: quirk: [io  0x4000-0x403f] claimed by PIIX4 ACPI
[    0.724044] pci 0000:00:07.0: quirk: [io  0x4100-0x410f] claimed by PIIX4 SMB
[    0.745132] ACPI: PCI Interrupt Link [LNKA] (IRQs 5 9 10 *11)
[    0.752306] ACPI: PCI Interrupt Link [LNKB] (IRQs 5 9 *10 11)
[    0.760216] ACPI: PCI Interrupt Link [LNKC] (IRQs 5 *9 10 11)
[    0.768269] ACPI: PCI Interrupt Link [LNKD] (IRQs 5 9 10 *11)
[    0.776835] SCSI subsystem initialized
[    0.784434] pci 0000:00:02.0: vgaarb: setting as boot VGA device
[    0.788000] pci 0000:00:02.0: vgaarb: VGA device added: decodes=io+mem,owns=io+mem,locks=none
[    0.808012] pci 0000:00:02.0: vgaarb: bridge control possible
[    0.816008] vgaarb: loaded
[    0.820138] ACPI: bus type USB registered
[    0.824037] usbcore: registered new interface driver usbfs
[    0.836038] usbcore: registered new interface driver hub
[    0.840020] usbcore: registered new device driver usb
[    0.848282] EDAC MC: Ver: 3.0.0
[    0.856479] PCI: Using ACPI for IRQ routing
[    0.860968] NetLabel: Initializing
[    0.864007] NetLabel:  domain hash size = 128
[    0.872020] NetLabel:  protocols = UNLABELED CIPSOv4 CALIPSO
[    0.876471] NetLabel:  unlabeled traffic allowed by default
[    0.888365] clocksource: Switched to clocksource kvm-clock
[    0.926293] VFS: Disk quotas dquot_6.6.0
[    0.926293] VFS: Dquot-cache hash table entries: 512 (order 0, 4096 bytes)
[    0.926293] AppArmor: AppArmor Filesystem Enabled
[    0.926293] pnp: PnP ACPI init
[    0.926293] pnp: PnP ACPI: found 3 devices
[    1.027842] clocksource: acpi_pm: mask: 0xffffff max_cycles: 0xffffff, max_idle_ns: 2085701024 ns
[    1.028162] NET: Registered protocol family 2
[    1.028162] IP idents hash table entries: 16384 (order: 5, 131072 bytes)
[    1.052795] TCP established hash table entries: 8192 (order: 4, 65536 bytes)
[    1.059615] TCP bind hash table entries: 8192 (order: 5, 131072 bytes)
[    1.063272] TCP: Hash tables configured (established 8192 bind 8192)
[    1.063272] UDP hash table entries: 512 (order: 2, 16384 bytes)
[    1.063272] UDP-Lite hash table entries: 512 (order: 2, 16384 bytes)
[    1.063272] NET: Registered protocol family 1
[    1.063272] pci 0000:00:00.0: Limiting direct PCI/PCI transfers
[    1.063272] pci 0000:00:01.0: Activating ISA DMA hang workarounds
[    1.063272] pci 0000:00:02.0: Video device with shadowed ROM at [mem 0x000c0000-0x000dffff]
[    1.117352] Unpacking initramfs...
[    1.712084] Freeing initrd memory: 19528K
[    1.724325] clocksource: tsc: mask: 0xffffffffffffffff max_cycles: 0x398ccbc4ca1, max_idle_ns: 881590710057 ns
[    1.735412] platform rtc_cmos: registered platform RTC device (no PNP device found)
[    1.743192] Scanning for low memory corruption every 60 seconds
[    1.754978] Initialise system trusted keyrings
[    1.759461] Key type blacklist registered
[    1.765959] workingset: timestamp_bits=36 max_order=18 bucket_order=0
[    1.774693] zbud: loaded
[    1.779105] squashfs: version 4.0 (2009/01/31) Phillip Lougher
[    1.789225] fuse init (API version 7.26)
[    1.827057] Key type asymmetric registered
[    1.834716] Asymmetric key parser 'x509' registered
[    1.839946] Block layer SCSI generic (bsg) driver version 0.4 loaded (major 246)
[    1.852431] io scheduler noop registered
[    1.857418] io scheduler deadline registered
[    1.862171] io scheduler cfq registered (default)
[    1.868567] ACPI: AC Adapter [AC] (on-line)
[    1.873328] input: Power Button as /devices/LNXSYSTM:00/LNXPWRBN:00/input/input0
[    1.883660] ACPI: Power Button [PWRF]
[    1.888501] input: Sleep Button as /devices/LNXSYSTM:00/LNXSLPBN:00/input/input1
[    1.895856] ACPI: Sleep Button [SLPF]
[    1.905691] ACPI: Battery Slot [BAT0] (battery present)
[    1.911392] Serial: 8250/16550 driver, 32 ports, IRQ sharing enabled
[    1.949285] 00:02: ttyS0 at I/O 0x3f8 (irq = 4, base_baud = 115200) is a 16550A
[    1.978377] Linux agpgart interface v0.103
[    2.001549] loop: module loaded
[    2.008955] scsi host0: ata_piix
[    2.016801] scsi host1: ata_piix
[    2.019842] ata1: PATA max UDMA/33 cmd 0x1f0 ctl 0x3f6 bmdma 0xd000 irq 14
[    2.025939] ata2: PATA max UDMA/33 cmd 0x170 ctl 0x376 bmdma 0xd008 irq 15
[    2.036334] tun: Universal TUN/TAP device driver, 1.6
[    2.041823] PPP generic driver version 2.4.2
[    2.049379] ehci_hcd: USB 2.0 'Enhanced' Host Controller (EHCI) Driver
[    2.055227] ehci-pci: EHCI PCI platform driver
[    2.060166] ehci-platform: EHCI generic platform driver
[    2.065014] ohci_hcd: USB 1.1 'Open' Host Controller (OHCI) Driver
[    2.070350] ohci-pci: OHCI PCI platform driver
[    2.074303] ohci-platform: OHCI generic platform driver
[    2.079220] uhci_hcd: USB Universal Host Controller Interface driver
[    2.087644] i8042: PNP: PS/2 Controller [PNP0303:PS2K,PNP0f03:PS2M] at 0x60,0x64 irq 1,12
[    2.102742] serio: i8042 KBD port at 0x60,0x64 irq 1
[    2.107962] serio: i8042 AUX port at 0x60,0x64 irq 12
[    2.117733] mousedev: PS/2 mouse device common for all mice
[    2.128286] rtc_cmos rtc_cmos: rtc core: registered rtc_cmos as rtc0
[    2.128294] input: AT Translated Set 2 keyboard as /devices/platform/i8042/serio0/input/input2
[    2.135798] rtc_cmos rtc_cmos: alarms up to one day, 114 bytes nvram
[    2.153226] i2c /dev entries driver
[    2.157601] device-mapper: uevent: version 1.0.3
[    2.166492] device-mapper: ioctl: 4.37.0-ioctl (2017-09-20) initialised: dm-devel@redhat.com
[    2.175462] ledtrig-cpu: registered to indicate activity on CPUs
[    2.186381] NET: Registered protocol family 10
[    2.208050] Segment Routing with IPv6
[    2.212697] NET: Registered protocol family 17
[    2.219140] Key type dns_resolver registered
[    2.228842] mce: Using 0 MCE banks
[    2.234201] RAS: Correctable Errors collector initialized.
[    2.240013] sched_clock: Marking stable (2239826182, 0)->(3115814430, -875988248)
[    2.265445] registered taskstats version 1
[    2.269603] Loading compiled-in X.509 certificates
[    2.283792] Loaded X.509 cert 'Build time autogenerated kernel key: b5b26778eaa3ab3a4a6cee031137706e947d12ad'
[    2.295236] Loaded X.509 cert 'Canonical Ltd. Live Patch Signing: 14df34d1a87cf37625abec039ef2bf521249b969'
[    2.307495] Loaded X.509 cert 'Canonical Ltd. Kernel Module Signing: 88f752e560a1e0737e31163a466ad7b70a850c19'
[    2.319727] blacklist: Loading compiled-in revocation X.509 certificates
[    2.326769] Loaded X.509 cert 'Canonical Ltd. Secure Boot Signing: 61482aa2830d0ab2ad5af10b7250da9033ddcef0'
[    2.336991] Loaded X.509 cert 'Canonical Ltd. Secure Boot Signing (2017): 242ade75ac4a15e50d50c84b0d45ff3eae707a03'
[    2.350141] Loaded X.509 cert 'Canonical Ltd. Secure Boot Signing (ESM 2018): 365188c1d374d6b07c3c8f240f8ef722433d6a8b'
[    2.362261] Loaded X.509 cert 'Canonical Ltd. Secure Boot Signing (2019): c0746fd6c5da3ae827864651ad66ae47fe24b3e8'
[    2.377083] Loaded X.509 cert 'Canonical Ltd. Secure Boot Signing (2021 v1): a8d54bbb3825cfb94fa13c9f8a594a195c107b8d'
[    2.393454] Loaded X.509 cert 'Canonical Ltd. Secure Boot Signing (2021 v2): 4cf046892d6fd3c9a5b03f98d845f90851dc6a8c'
[    2.405584] Loaded X.509 cert 'Canonical Ltd. Secure Boot Signing (2021 v3): 100437bb6de6e469b581e61cd66bce3ef4ed53af'
[    2.420462] Loaded X.509 cert 'Canonical Ltd. Secure Boot Signing (Ubuntu Core 2019): c1d57b8f6b743f23ee41f4f7ee292f06eecadfb9'
[    2.435049] zswap: loaded using pool lzo/zbud
[    2.451601] Key type big_key registered
[    2.455961] Key type trusted registered
[    2.467841] Key type encrypted registered
[    2.472163] AppArmor: AppArmor sha1 policy hashing enabled
[    2.477598] ima: No TPM chip found, activating TPM-bypass! (rc=-19)
[    2.484701] ima: Allocated hash algorithm: sha1
[    2.489663] evm: HMAC attrs: 0x1
[    2.494223]   Magic number: 12:28:432
[    2.503011] rtc_cmos rtc_cmos: setting system clock to 2024-02-04 13:26:11 UTC (1707053171)
[    2.511609] BIOS EDD facility v0.16 2004-Jun-25, 0 devices found
[    2.522786] EDD information not available.
[    2.540406] Freeing unused kernel image memory: 2480K
[    2.568532] Write protecting the kernel read-only data: 20480k
[    2.575410] Freeing unused kernel image memory: 2008K
[    2.581066] Freeing unused kernel image memory: 1820K
[    2.594819] x86/mm: Checked W+X mappings: passed, no W+X pages found.
Loading, please wait...
starting version 237
[    2.721562] Fusion MPT base driver 3.04.20
[    2.727120] Copyright (c) 1999-2008 LSI Corporation
[    2.739817] e1000: Intel(R) PRO/1000 Network Driver - version 7.3.21-k8-NAPI
[    2.748284] e1000: Copyright (c) 1999-2006 Intel Corporation.
[    2.774776] SSE version of gcm_enc/dec engaged.
[    2.793566] Fusion MPT SPI Host driver 3.04.20
[    3.010297] input: ImExPS/2 Generic Explorer Mouse as /devices/platform/i8042/serio1/input/input4
[    3.482901] e1000 0000:00:03.0 eth0: (PCI:33MHz:32-bit) 02:3b:7b:b7:3b:2d
[    3.489270] e1000 0000:00:03.0 eth0: Intel(R) PRO/1000 Network Connection
[    3.497729] mptbase: ioc0: Initiating bringup
[    3.767742] ioc0: LSI53C1030 A0: Capabilities={Initiator}
[    4.361089] scsi host2: ioc0: LSI53C1030 A0, FwRev=00000000h, Ports=1, MaxQ=256, IRQ=20
[    4.866409] scsi 2:0:0:0: Direct-Access     VBOX     HARDDISK         1.0  PQ: 0 ANSI: 5
[    4.912441] scsi target2:0:0: Beginning Domain Validation
[    4.930130] scsi target2:0:0: Domain Validation skipping write tests
[    4.937047] scsi target2:0:0: Ending Domain Validation
[    4.942515] scsi target2:0:0: asynchronous
[    4.949842] scsi 2:0:1:0: Direct-Access     VBOX     HARDDISK         1.0  PQ: 0 ANSI: 5
[    5.316406] scsi target2:0:1: Beginning Domain Validation
[    5.331309] scsi target2:0:1: Domain Validation skipping write tests
[    5.338264] scsi target2:0:1: Ending Domain Validation
[    5.344907] scsi target2:0:1: asynchronous
[    5.362950] sd 2:0:0:0: Attached scsi generic sg0 type 0
[    5.369599] sd 2:0:1:0: Attached scsi generic sg1 type 0
[    5.376800] sd 2:0:0:0: [sda] 83886080 512-byte logical blocks: (42.9 GB/40.0 GiB)
[    5.380848] sd 2:0:1:0: [sdb] 20480 512-byte logical blocks: (10.5 MB/10.0 MiB)
[    5.384763] sd 2:0:0:0: [sda] Write Protect is off
[    5.397691] sd 2:0:0:0: [sda] Incomplete mode parameter data
[    5.400329] sd 2:0:1:0: [sdb] Write Protect is off
[    5.403520] sd 2:0:0:0: [sda] Assuming drive cache: write through
[    5.419184]  sda: sda1
[    5.428593] sd 2:0:0:0: [sda] Attached SCSI disk
[    5.436266] sd 2:0:1:0: [sdb] Incomplete mode parameter data
[    5.442689] sd 2:0:1:0: [sdb] Assuming drive cache: write through
[    5.521705] sd 2:0:1:0: [sdb] Attached SCSI disk
[    5.600901] e1000 0000:00:08.0 eth1: (PCI:33MHz:32-bit) 08:00:27:c9:2f:98
[    5.607770] e1000 0000:00:08.0 eth1: Intel(R) PRO/1000 Network Connection
[    5.617348] e1000 0000:00:08.0 enp0s8: renamed from eth1
[    5.633881] e1000 0000:00:03.0 enp0s3: renamed from eth0
Begin: Loading essential drivers ... [    7.532145] raid6: sse2x1   gen()  8033 MB/s
[    7.584789] raid6: sse2x1   xor()  8364 MB/s
[    7.636653] raid6: sse2x2   gen() 16413 MB/s
[    7.688817] raid6: sse2x2   xor() 11209 MB/s
[    7.740493] raid6: sse2x4   gen() 17115 MB/s
[    7.792599] raid6: sse2x4   xor()  9851 MB/s
[    7.796675] raid6: using algorithm sse2x4 gen() 17115 MB/s
[    7.801672] raid6: .... xor() 9851 MB/s, rmw enabled
[    7.806003] raid6: using ssse3x2 recovery algorithm
[    7.813005] xor: measuring software checksum speed
[   12.196390]    prefetch64-sse: 55327.704 MB/sec
[   13.292906]    generic_sse: 45190.000 MB/sec
[   13.297084] xor: using function: prefetch64-sse (55327.704 MB/sec)
[   13.306079] async_tx: api initialized (async)
done.
Begin: Running /scripts/init-premount ... done.
Begin: Mounting root file system ... Begin: Running /scripts/local-top ... done.
Begin: Running /scripts/local-premount ... [   13.396601] Btrfs loaded, crc32c=crc32c-intel
Scanning for Btrfs filesystems
done.
Warning: fsck not present, so skipping root file system
[   13.677612] EXT4-fs (sda1): mounted filesystem with ordered data mode. Opts: (null)
done.
Begin: Running /scripts/local-bottom ... done.
Begin: Running /scripts/init-bottom ... done.
[   15.344572] ip_tables: (C) 2000-2006 Netfilter Core Team
[   15.501193] systemd[1]: systemd 237 running in system mode. (+PAM +AUDIT +SELINUX +IMA +APPARMOR +SMACK +SYSVINIT +UTMP +LIBCRYPTSETUP +GCRYPT +GNUTLS +ACL +XZ +LZ4 +SECCOMP +BLKID +ELFUTILS +KMOD -IDN2 +IDN -PCRE2 default-hierarchy=hybrid)
[   15.519390] systemd[1]: Detected virtualization oracle.
[   15.523815] systemd[1]: Detected architecture x86-64.

Welcome to [1mUbuntu 18.04.6 LTS[0m!

[   15.558580] systemd[1]: Set hostname to <ubuntu>.
[   15.609867] systemd[1]: Initializing machine ID from random generator.
[   15.620709] systemd[1]: Installed transient /etc/machine-id file.
[   17.799735] systemd[1]: Reached target Mounting snaps.
[[0;32m  OK  [0m] Reached target Mounting snaps.
[   17.809744] systemd[1]: Reached target System Time Synchronized.
[[0;32m  OK  [0m] Reached target System Time Synchronized.
[   17.835458] systemd[1]: Created slice System Slice.
[[0;32m  OK  [0m] Created slice System Slice.
[   17.844177] systemd[1]: Listening on Device-mapper event daemon FIFOs.
[[0;32m  OK  [0m] Listening on Device-mapper event daemon FIFOs.
[[0;32m  OK  [0m] Listening on Journal Socket (/dev/log).
[[0;32m  OK  [0m] Listening on LVM2 metadata daemon socket.
[[0;32m  OK  [0m] Listening on /dev/initctl Compatibility Named Pipe.
[[0;32m  OK  [0m] Reached target User and Group Name Lookups.
[[0;32m  OK  [0m] Listening on Network Service Netlink Socket.
[[0;32m  OK  [0m] Set up automount Arbitrary Executabâ€¦rmats File System Automount Point.
[[0;32m  OK  [0m] Listening on LVM2 poll daemon socket.
[[0;32m  OK  [0m] Reached target Mounted snaps.
[[0;32m  OK  [0m] Listening on Syslog Socket.
[[0;32m  OK  [0m] Listening on fsck to fsckd communication Socket.
[[0;32m  OK  [0m] Listening on udev Control Socket.
[[0;32m  OK  [0m] Created slice User and Session Slice.
[[0;32m  OK  [0m] Reached target Slices.
[[0;32m  OK  [0m] Listening on Journal Socket.
         Starting Load Kernel Modules...
         Starting File System Check on Root Device...
         Mounting Kernel Debug File System...
         Starting Set the console keyboard layout...
[   17.923525] Loading iSCSI transport class v2.0-870.
         Starting Uncomplicated firewall...
         Starting Monitoring of LVM2 mirrorsâ€¦ng dmeventd or progress polling...
         Mounting POSIX Message Queue File System...
         Mounting Huge Pages File System...
         Starting Create list of required stâ€¦ce nodes for the current kernel...
[[0;32m  OK  [0m] Listening on udev Kernel Socket.
         Starting udev Coldplug all Devices...
[[0;32m  OK  [0m] Started Forward Password Requests to Wall Directory Watch.
[[0;32m  OK  [0m] Listening on Journal Audit Socket.
         Starting Journal Service...
[[0;32m  OK  [0m] Created slice system-serial\x2dgetty.slice.
[[0;32m  OK  [0m] Reached target Swap.
[[0;32m  OK  [0m] Started Uncomplicated firewall.
[[0;32m  OK  [0m] Started File System Check Daemon to report status.
[[0;32m  OK  [0m] Started LVM2 metadata daemon.
[[0;32m  OK  [0m] Mounted Kernel Debug File System.
[[0;32m  OK  [0m] Mounted POSIX Message Queue File System.
[[0;32m  OK  [0m] Mounted Huge Pages File System.
[[0;32m  OK  [0m[   18.076526] iscsi: registered transport (tcp)
] Started Create list of required staâ€¦vice nodes for the current kernel.
         Starting Create Static Device Nodes in /dev...
[[0;32m  OK  [0m] Started udev Coldplug all Devices.
[[0;32m  OK  [0m] Started Journal Service.
[[0;32m  OK  [0m] Started File System Check on Root Device.
         Starting Remount Root and Kernel File Systems...
[[0;32m  OK  [0m] Started Create Static Device Nodes in /dev.
[[0;32m  OK  [0m] Started Monitoring of LVM2 mirrors,â€¦sing dmeventd or progress polling.
[   18.238295] iscsi: registered transport (iser)
[[0;32m  OK  [0m] Started Load Kernel Modules.
         Mounting Kernel Configuration File System...
         Mounting FUSE Control File System...
         Starting Apply Kernel Variables...
[[0;32m  OK  [0m] Mounted Kernel Configuration File System.
[   18.262962] EXT4-fs (sda1): re-mounted. Opts: (null)
[[0;32m  OK  [0m] Mounted FUSE Control File System.
[[0;32m  OK  [0m] Started Remount Root and Kernel File Systems.
         Starting udev Kernel Device Manager...
         Starting Load/Save Random Seed...
         Starting Flush Journal to Persistent Storage...
[[0;32m  OK  [0m] Started Load/Save Random Seed.
[[0;32m  OK  [0m] Started udev Kernel Device Manager.
[[0;32m  OK  [0m] Started Apply Kernel Variables.
[[0;32m  OK  [0m] Started Flush Journal to Persistent Storage.
[[0;32m  OK  [0m] Found device /dev/ttyS0.
[[0;32m  OK  [0m] Listening on Load/Save RF Kill Switch Status /dev/rfkill Watch.
[[0;32m  OK  [0m] Started Set the console keyboard layout.
[[0;32m  OK  [0m] Reached target Local File Systems (Pre).
[[0;32m  OK  [0m] Reached target Local File Systems.
         Starting Commit a transient machine-id on disk...
         Starting Tell Plymouth To Write Out Runtime Data...
         Starting ebtables ruleset management...
         Starting Set console font and keymap...
         Starting AppArmor initialization...
         Starting Create Volatile Files and Directories...
[[0;32m  OK  [0m] Started Dispatch Password Requests to Console Directory Watch.
[[0;32m  OK  [0m] Reached target Local Encrypted Volumes.
[[0;32m  OK  [0m] Started Tell Plymouth To Write Out Runtime Data.
[[0;32m  OK  [0m] Started Create Volatile Files and Directories.
         Starting Update UTMP about System Boot/Shutdown...
[[0;32m  OK  [0m] Started Update UTMP about System Boot/Shutdown.
[[0;32m  OK  [0m] Started Commit a transient machine-id on disk.
[[0;32m  OK  [0m] Started ebtables ruleset management.
         Mounting Arbitrary Executable File Formats File System...
[[0;32m  OK  [0m] Mounted Arbitrary Executable File Formats File System.
[[0;32m  OK  [0m] Started AppArmor initialization.
         Starting Load AppArmor profiles managed internally by snapd...
         Starting Initial cloud-init job (pre-networking)...
[[0;32m  OK  [0m] Started Load AppArmor profiles managed internally by snapd.
[[0;32m  OK  [0m] Started Set console font and keymap.
[   22.596009] cloud-init[785]: Cloud-init v. 23.1.2-0ubuntu0~18.04.1 running 'init-local' at Sun, 04 Feb 2024 13:26:31 +0000. Up 22.19 seconds.
[[0;32m  OK  [0m] Started Initial cloud-init job (pre-networking).
[[0;32m  OK  [0m] Reached target Network (Pre).
         Starting Network Service...
[[0;32m  OK  [0m] Started Network Service.
         Starting Network Name Resolution...
         Starting Wait for Network to be Configured...
[[0;32m  OK  [0m] Started Network Name Resolution.
[[0;32m  OK  [0m] Reached target Network.
[[0;32m  OK  [0m] Reached target Host and Network Name Lookups.
[[0;32m  OK  [0m] Started Wait for Network to be Configured.
         Starting Initial cloud-init job (metadata service crawler)...
[   25.298594] cloud-init[935]: Cloud-init v. 23.1.2-0ubuntu0~18.04.1 running 'init' at Sun, 04 Feb 2024 13:26:34 +0000. Up 25.16 seconds.
[   25.303648] cloud-init[935]: ci-info: ++++++++++++++++++++++++++++++++++++++Net device info+++++++++++++++++++++++++++++++++++++++
[   25.309653] cloud-init[935]: ci-info: +--------+-------+----------------------------+---------------+--------+-------------------+
[   25.313856] cloud-init[935]: ci-info: | Device |   Up  |          Address           |      Mask     | Scope  |     Hw-Address    |
[   25.318514] cloud-init[935]: ci-info: +--------+-------+----------------------------+---------------+--------+-------------------+
[   25.323975] cloud-init[935]: ci-info: | enp0s3 |  True |         10.0.2.15          | 255.255.255.0 | global | 02:3b:7b:b7:3b:2d |
[   25.328589] cloud-init[935]: ci-info: | enp0s3 |  True | fe80::3b:7bff:feb7:3b2d/64 |       .       |  link  | 02:3b:7b:b7:3b:2d |
[   25.333228] cloud-init[935]: ci-info: | enp0s8 | False |             .              |       .       |   .    | 08:00:27:c9:2f:98 |
[   25.338544] cloud-init[935]: ci-info: |   lo   |  True |         127.0.0.1          |   255.0.0.0   |  host  |         .         |
[   25.344327] cloud-init[935]: ci-info: |   lo   |  True |          ::1/128           |       .       |  host  |         .         |
[   25.348783] cloud-init[935]: ci-info: +--------+-------+----------------------------+---------------+--------+-------------------+
[   25.352881] cloud-init[935]: ci-info: ++++++++++++++++++++++++++++Route IPv4 info+++++++++++++++++++++++++++++
[   25.356734] cloud-init[935]: ci-info: +-------+-------------+----------+-----------------+-----------+-------+
[   25.360484] cloud-init[935]: ci-info: | Route | Destination | Gateway  |     Genmask     | Interface | Flags |
[   25.363806] cloud-init[935]: ci-info: +-------+-------------+----------+-----------------+-----------+-------+
[   25.367209] cloud-init[935]: ci-info: |   0   |   0.0.0.0   | 10.0.2.2 |     0.0.0.0     |   enp0s3  |   UG  |
[   25.372425] cloud-init[935]: ci-info: |   1   |   10.0.2.0  | 0.0.0.0  |  255.255.255.0  |   enp0s3  |   U   |
[   25.376789] cloud-init[935]: ci-info: |   2   |   10.0.2.2  | 0.0.0.0  | 255.255.255.255 |   enp0s3  |   UH  |
[   25.401349] cloud-init[935]: ci-info: +-------+-------------+----------+-----------------+-----------+-------+
[   25.407478] cloud-init[935]: ci-info: +++++++++++++++++++Route IPv6 info+++++++++++++++++++
[   25.412534] cloud-init[935]: ci-info: +-------+-------------+---------+-----------+-------+
[   25.415878] cloud-init[935]: ci-info: | Route | Destination | Gateway | Interface | Flags |
[   25.419521] cloud-init[935]: ci-info: +-------+-------------+---------+-----------+-------+
[   25.426300] cloud-init[935]: ci-info: |   1   |  fe80::/64  |    ::   |   enp0s3  |   U   |
[   25.429802] cloud-init[935]: ci-info: |   3   |    local    |    ::   |   enp0s3  |   U   |
[   25.433738] cloud-init[935]: ci-info: |   4   |   ff00::/8  |    ::   |   enp0s3  |   U   |
[   25.437108] cloud-init[935]: ci-info: +-------+-------------+---------+-----------+-------+
[   26.513897] cloud-init[935]: Generating public/private rsa key pair.
[   26.519288] cloud-init[935]: Your identification has been saved in /etc/ssh/ssh_host_rsa_key.
[   26.526425] cloud-init[935]: Your public key has been saved in /etc/ssh/ssh_host_rsa_key.pub.
[   26.532037] cloud-init[935]: The key fingerprint is:
[   26.536742] cloud-init[935]: SHA256:Vw3dh2A8XwnmN3GJ3JC+x7lObCPu075Djoj9K5XOI3w root@ubuntu-bionic
[   26.543500] cloud-init[935]: The key's randomart image is:
[   26.548588] cloud-init[935]: +---[RSA 2048]----+
[   26.552943] cloud-init[935]: |           .=**++|
[   26.557537] cloud-init[935]: |           .=*o+*|
[   26.561664] cloud-init[935]: |            o+.+.|
[   26.566575] cloud-init[935]: |           . .o .|
[   26.571261] cloud-init[935]: |        S .   + .|
[   26.576813] cloud-init[935]: |         .   +.= |
[   26.580991] cloud-init[935]: |          + =.*=.|
[   26.585586] cloud-init[935]: |         . *.E+=.|
[   26.590913] cloud-init[935]: |            *=*+o|
[[0;32m  OK  [0m] Started Initial cloud-init job (metadata service crawler).
[[0;32m  OK  [0m] Reached target System Initialization.
[[0;32m  OK  [0m] Started Message of the Day.
[[0;32m  OK  [0m] Started Ubuntu Advantage Timer for running repeated jobs.
[[0;32m  OK  [0m] Listening on cloud-init hotplug hook socket.
[[0;32m  OK  [0m] Started Discard unused blocks once a week.
[[0;32m  OK  [0m] Started ACPI Events Check.
[[0;32m  OK  [0m] Listening on D-Bus System Message Bus Socket.
         Starting Socket activation for snappy daemon.
         Starting LXD - unix socket.
[[0;32m  OK  [0m] Listening on Open-iSCSI iscsid Socket.
[[0;32m  OK  [0m] Listening on ACPID Listen Socket.
[[0;32m  OK  [0m] Started Daily apt download activities.
[[0;32m  OK  [0m] Started Daily apt upgrade and clean activities.
[[0;32m  OK  [0m] Started Daily Cleanup of Temporary Directories.
[[0;32m  OK  [0m] Reached target Timers.
[[0;32m  OK  [0m] Reached target Paths.
[[0;32m  OK  [0m] Listening on UUID daemon activation socket.
[[0;32m  OK  [0m] Reached target Cloud-config availability.
[[0;32m  OK  [0m] Reached target Network is Online.
[[0;32m  OK  [0m] Reached target Remote File Systems (Pre).
[[0;32m  OK  [0m] Reached target Remote File Systems.
         Starting Availability of block devices...
[[0;32m  OK  [0m] Listening on Socket activation for snappy daemon.
[[0;32m  OK  [0m] Listening on LXD - unix socket.
[[0;32m  OK  [0m] Reached target Sockets.
[[0;32m  OK  [0m] Reached target Basic System.
         Starting Accounts Service...
         Starting LSB: automatic crash report generation...
[[0;32m  OK  [0m] Started Deferred execution scheduler.
         Starting Pollinate to seed the pseudo random number generator...
         Starting System Logging Service...
[   26.651532]          Starting LSB: Record successful boot for GRUB...
cloud-init[935]: +----[SHA256]-----+
[   26.663843] cloud-init[935]: Generating public/private dsa key pair.
[   26.670270] cloud-init[935]: Your identification has been saved in /etc/ssh/ssh_host_dsa_key.
[[0;32m  OK  [0m] Started irqbalance daemon.
[   26.686603] cloud-init[935]: Your public key has been saved in /etc/ssh/ssh_host_dsa_key.pub.
[   26.693513] cloud-init[935]: The key fingerprint is:
[   26.697757] cloud-init[935]: SHA256:7oEw7sOxsOPqTPZ21KaBF1IgWk67X58PQDCfYE4pDW0 root@ubuntu-bionic
[   26.707734] cloud-init[935]: The key's randomart image is:
[   26.712638] cloud-init[935]: +---[DSA 1024]----+
[   26.717162] cloud-init[935]: | .+=B.           |
[   26.722610] cloud-init[935]: |.+o=E* .         |
[   26.728852] cloud-init[935]: |. ooo +          |
[[0;32m  OK  [0m] Started Regular background program processing daemon.
         Starting Dispatcher daemon for systemd-networkd...
[[0;32m  OK  [0m] Started D-Bus System Message Bus.
[   26.746599] cloud-init[935]: |   o o           |
[   26.753428] cloud-init[935]: |  . = = S        |
[   26.759685] cloud-init[935]: |  .+.B B .       |
[   26.764058] cloud-init[935]: | o +=o= *        |
[   26.769208] cloud-init[935]: |+ +o+o . +       |
[   26.774490] cloud-init[935]: |o=ooo.  . .      |
[   26.783438] cloud-init[935]: +----[SHA256]-----+
[   26.792106] cloud-init[935]: Generating public/private ecdsa key pair.
[   26.798033] cloud-init[935]: Your identification has been saved in /etc/ssh/ssh_host_ecdsa_key.
[   26.808035] cloud-init[935]: Your public key has been saved in /etc/ssh/ssh_host_ecdsa_key.pub.
[   26.817864] cloud-init[935]: The key fingerprint is:
[   26.824182] cloud-init[935]: SHA256:WDFShiyIcYEyQdXHM8bQsLNLNAeIh2Z2jeGwVxAjfXg root@ubuntu-bionic
[   26.834059] cloud-init[935]: The key's randomart image is:
[   26.840022] cloud-init[935]: +---[ECDSA 256]---+
[   26.846780] cloud-init[935]: |+OBOX*Bo=        |[[0;32m  OK  [0m] Reached target Login Prompts (Pre).
         Starting Permit User Sessions...
[[0;32m  OK  [0m] Started FUSE filesystem for LXC.

[   26.863992] cloud-init[935]: |=B*B+E=@ o       |
[   26.869947]          Starting Login Service...
         Starting LXD - container startup/shutdown...
         Starting Virtualbox guest utils...
         Starting Snap Daemon...
[[0;32m  OK  [0m] Started System Logging Service.
[[0;32m  OK  [0m] Started Availability of block devices.
cloud-init[935]: |=oooo*o.+        |
[   26.918615] cloud-init[935]: |  . . =o         |
[   26.942363] cloud-init[935]: |     o. S        |
[   26.956309] cloud-init[935]: |    . .          |
[   26.964094] cloud-init[935]: |     .           |
[   26.986688] cloud-init[935]: |                 |
[   26.992001] cloud-init[935]: |                 |
[   26.994192] cloud-init[935]: +----[SHA256]-----+
[   26.996125] cloud-init[935]: Generating public/private ed25519 key pair.
[   26.999395] cloud-init[935]: Your identification has been saved in /etc/ssh/ssh_host_ed25519_key.
[   27.003536] cloud-init[935]: Your public key has been saved in /etc/ssh/ssh_host_ed25519_key.pub.
[[0;32m  OK  [0m] Started Permit User Sessions.
[   27.015888] cloud-init[935]: The key fingerprint is:
         Starting Terminate Plymouth Boot Screen...
         Starting Hold until boot process finishes up...
[   27.027498] cloud-init[[0;32m  OK  [0m] Started Hold until boot process finishes up.
         Starting Set console scheme...
[[0;32m  OK  [0m] Started Serial Getty on ttyS0.
[935]: [[0;32m  OK  [0m] Started Terminate Plymouth Boot Screen.
SHA256:f8LibrcmQu2Q6ArGqWdhvCidpVkpMeJcknMPPWu3nsA root@ubuntu-bionic
[   27.048128] cloud-init[935]: The key's randomart image is:
[   27.067351] cloud-init[935]: +--[ED25519 256]--+
[[0;32m  OK  [0m] Started LSB: automatic crash report generation.
[   27.085475] cloud-init[935]: |                 |
[   27.099886] cloud-init[935]: |                 |
[   27.107672] cloud-init[935]: |  . .            |
[   27.113336] cloud-init[935]: |.+o+ o           |
[   27.117686] cloud-init[935]: |oo=oooooS        |
[   27.122781] cloud-init[935]: |.o* *++..o       |
[   27.128030] cloud-init[935]: |.B @.E.oo + .    |
[   27.133508] cloud-init[935]: |=.O . oo=.oo     |
[   27.140361] cloud-init[935]: |oo..  .*o+..     |
[   27.145812] cloud-init[935]: +----[SHA256]-----+
[[0;32m  OK  [0m] Started Login Service.
[[0;32m  OK  [0m] Started Unattended Upgrades Shutdown.
[[0;32m  OK  [0m] Started Set console scheme.
[[0;32m  OK  [0m] Created slice system-getty.slice.
[[0;32m  OK  [0m] Started Getty on tty1.
[[0;32m  OK  [0m] Reached target Login Prompts.
         Starting Authorization Manager...
[[0;32m  OK  [0m] Started LSB: Record successful boot for GRUB.
[[0;32m  OK  [0m] Started Authorization Manager.
[[0;32m  OK  [0m] Started Accounts Service.
[[0;32m  OK  [0m] Started Virtualbox guest utils.
[[0;32m  OK  [0m] Started LXD - container startup/shutdown.
[[0;32m  OK  [0m] Started Dispatcher daemon for systemd-networkd.
[[0;32m  OK  [0m] Started Snap Daemon.
         Starting Wait until snapd is fully seeded...
         Starting Time & Date Service...
[[0;32m  OK  [0m] Started Time & Date Service.
[[0;32m  OK  [0m] Started Pollinate to seed the pseudo random number generator.
         Starting OpenBSD Secure Shell server...
[[0;32m  OK  [0m] Started OpenBSD Secure Shell server.
[[0;32m  OK  [0m] Created slice User Slice of vagrant.
         Starting User Manager for UID 1000...
[[0;32m  OK  [0m] Started Session 1 of user vagrant.
[[0;32m  OK  [0m] Started User Manager for UID 1000.

Ubuntu 18.04.6 LTS ubuntu-bionic ttyS0

ubuntu-bionic login: [   34.695962] cloud-init[1522]: Cloud-init v. 23.1.2-0ubuntu0~18.04.1 running 'modules:config' at Sun, 04 Feb 2024 13:26:42 +0000. Up 33.31 seconds.
ci-info: no authorized SSH keys fingerprints found for user ubuntu.
<14>Feb  4 13:26:44 cloud-init: #############################################################
<14>Feb  4 13:26:44 cloud-init: -----BEGIN SSH HOST KEY FINGERPRINTS-----
<14>Feb  4 13:26:44 cloud-init: 1024 SHA256:7oEw7sOxsOPqTPZ21KaBF1IgWk67X58PQDCfYE4pDW0 root@ubuntu-bionic (DSA)
<14>Feb  4 13:26:44 cloud-init: 256 SHA256:WDFShiyIcYEyQdXHM8bQsLNLNAeIh2Z2jeGwVxAjfXg root@ubuntu-bionic (ECDSA)
<14>Feb  4 13:26:44 cloud-init: 256 SHA256:f8LibrcmQu2Q6ArGqWdhvCidpVkpMeJcknMPPWu3nsA root@ubuntu-bionic (ED25519)
<14>Feb  4 13:26:44 cloud-init: 2048 SHA256:Vw3dh2A8XwnmN3GJ3JC+x7lObCPu075Djoj9K5XOI3w root@ubuntu-bionic (RSA)
<14>Feb  4 13:26:44 cloud-init: -----END SSH HOST KEY FINGERPRINTS-----
<14>Feb  4 13:26:44 cloud-init: #############################################################
-----BEGIN SSH HOST KEY KEYS-----
ecdsa-sha2-nistp256 AAAAE2VjZHNhLXNoYTItbmlzdHAyNTYAAAAIbmlzdHAyNTYAAABBBJrbKzlRgbN4dyQJw2iYQla+42WJJPsdpemYLNUDIpo7HUz0pFis5Rv0WROjg8O1wnDJluN9oXNA19uSBSAkV4w= root@ubuntu-bionic
ssh-ed25519 AAAAC3NzaC1lZDI1NTE5AAAAIEvmoT/PFD7nNAENTF2np/zdn6kI8Q0Ic4V6vCswl9rF root@ubuntu-bionic
ssh-rsa AAAAB3NzaC1yc2EAAAADAQABAAABAQCwT8proou1cEZXGosAesid9rY5YjbaFvE5AN2slykpBm0c7ey0aQvr4AVWvTRtwxGM9ZGHn9sZ4OnRCzSSbIfYcQC1pFfaBNE3SupB5/gs/HJ2vbrPxVJ+CbvI4sYLyp+kJJGWisevyBYcec6upcyV48XOQDCthR9AZcxBUlonSqYkkbuGH2YB2i1a/87mF8OOu3pOCDx5GMRS8N7iGputyNiF96kHnoW4/+oVZOfQ9yrpLAn3QsCmrg3yAHUAPuVOnEhf1lm2aNFEkdcjXAy7v3Lsv96pvaxab2Jc7MSwWxRwIdzvMsNekGe35MrLBwdqtZ5LWZeDXPKU0yWhIh5f root@ubuntu-bionic
-----END SSH HOST KEY KEYS-----
[   35.450868] cloud-init[1632]: Cloud-init v. 23.1.2-0ubuntu0~18.04.1 running 'modules:final' at Sun, 04 Feb 2024 13:26:44 +0000. Up 35.23 seconds.
[   35.451327] cloud-init[1632]: Cloud-init v. 23.1.2-0ubuntu0~18.04.1 finished at Sun, 04 Feb 2024 13:26:44 +0000. Datasource DataSourceNoCloud [seed=/dev/sdb][dsmode=net].  Up 35.44 seconds
